[      17ms] [WARNING] Error with Feature-Policy header: Unrecognized feature: 'vr'. @ :0
[      17ms] [WARNING] Error with Feature-Policy header: Unrecognized feature: 'ambient-light-sensor'. @ :0
[      44ms] [WARNING] <link rel=preload> must have a valid `as` value @ https://www.propertyfinder.bh/en/rent/properties-for-rent.html:9
[     508ms] Error: Minified React error #425; visit https://reactjs.org/docs/error-decoder.html?invariant=425 for the full message or use the non-minified dev environment for full errors and additional helpful warnings.
    at rm (https://www.propertyfinder.bh/search/_next/static/chunks/framework-785eb4579716322a.js:25:40164)
    at https://www.propertyfinder.bh/search/_next/static/chunks/framework-785eb4579716322a.js:25:100704
    at uD (https://www.propertyfinder.bh/search/_next/static/chunks/framework-785eb4579716322a.js:25:106215)
    at uI (https://www.propertyfinder.bh/search/_next/static/chunks/framework-785eb4579716322a.js:25:99163)
    at https://www.propertyfinder.bh/search/_next/static/chunks/framework-785eb4579716322a.js:25:98970
    at uM (https://www.propertyfinder.bh/search/_next/static/chunks/framework-785eb4579716322a.js:25:98977)
    at uS (https://www.propertyfinder.bh/search/_next/static/chunks/framework-785eb4579716322a.js:25:94016)
    at x (https://www.propertyfinder.bh/search/_next/static/chunks/framework-785eb4579716322a.js:49:1364)
    at MessagePort.R (https://www.propertyfinder.bh/search/_next/static/chunks/framework-785eb4579716322a.js:49:1894)
[     509ms] Error: Minified React error #418; visit https://reactjs.org/docs/error-decoder.html?invariant=418 for the full message or use the non-minified dev environment for full errors and additional helpful warnings.
    at am (https://www.propertyfinder.bh/search/_next/static/chunks/framework-785eb4579716322a.js:25:46417)
    at i (https://www.propertyfinder.bh/search/_next/static/chunks/framework-785eb4579716322a.js:25:121140)
    at uI (https://www.propertyfinder.bh/search/_next/static/chunks/framework-785eb4579716322a.js:25:99103)
    at https://www.propertyfinder.bh/search/_next/static/chunks/framework-785eb4579716322a.js:25:98970
    at uM (https://www.propertyfinder.bh/search/_next/static/chunks/framework-785eb4579716322a.js:25:98977)
    at uS (https://www.propertyfinder.bh/search/_next/static/chunks/framework-785eb4579716322a.js:25:94016)
    at x (https://www.propertyfinder.bh/search/_next/static/chunks/framework-785eb4579716322a.js:49:1364)
    at MessagePort.R (https://www.propertyfinder.bh/search/_next/static/chunks/framework-785eb4579716322a.js:49:1894)
[     510ms] Error: Minified React error #418; visit https://reactjs.org/docs/error-decoder.html?invariant=418 for the full message or use the non-minified dev environment for full errors and additional helpful warnings.
    at am (https://www.propertyfinder.bh/search/_next/static/chunks/framework-785eb4579716322a.js:25:46417)
    at i (https://www.propertyfinder.bh/search/_next/static/chunks/framework-785eb4579716322a.js:25:121140)
    at uI (https://www.propertyfinder.bh/search/_next/static/chunks/framework-785eb4579716322a.js:25:99103)
    at https://www.propertyfinder.bh/search/_next/static/chunks/framework-785eb4579716322a.js:25:98970
    at uM (https://www.propertyfinder.bh/search/_next/static/chunks/framework-785eb4579716322a.js:25:98977)
    at uS (https://www.propertyfinder.bh/search/_next/static/chunks/framework-785eb4579716322a.js:25:94016)
    at x (https://www.propertyfinder.bh/search/_next/static/chunks/framework-785eb4579716322a.js:49:1364)
    at MessagePort.R (https://www.propertyfinder.bh/search/_next/static/chunks/framework-785eb4579716322a.js:49:1894)
[     510ms] Error: Minified React error #418; visit https://reactjs.org/docs/error-decoder.html?invariant=418 for the full message or use the non-minified dev environment for full errors and additional helpful warnings.
    at am (https://www.propertyfinder.bh/search/_next/static/chunks/framework-785eb4579716322a.js:25:46417)
    at i (https://www.propertyfinder.bh/search/_next/static/chunks/framework-785eb4579716322a.js:25:121140)
    at uI (https://www.propertyfinder.bh/search/_next/static/chunks/framework-785eb4579716322a.js:25:99103)
    at https://www.propertyfinder.bh/search/_next/static/chunks/framework-785eb4579716322a.js:25:98970
    at uM (https://www.propertyfinder.bh/search/_next/static/chunks/framework-785eb4579716322a.js:25:98977)
    at uS (https://www.propertyfinder.bh/search/_next/static/chunks/framework-785eb4579716322a.js:25:94016)
    at x (https://www.propertyfinder.bh/search/_next/static/chunks/framework-785eb4579716322a.js:49:1364)
    at MessagePort.R (https://www.propertyfinder.bh/search/_next/static/chunks/framework-785eb4579716322a.js:49:1894)
[     511ms] Error: Minified React error #418; visit https://reactjs.org/docs/error-decoder.html?invariant=418 for the full message or use the non-minified dev environment for full errors and additional helpful warnings.
    at am (https://www.propertyfinder.bh/search/_next/static/chunks/framework-785eb4579716322a.js:25:46417)
    at i (https://www.propertyfinder.bh/search/_next/static/chunks/framework-785eb4579716322a.js:25:121140)
    at uI (https://www.propertyfinder.bh/search/_next/static/chunks/framework-785eb4579716322a.js:25:99103)
    at https://www.propertyfinder.bh/search/_next/static/chunks/framework-785eb4579716322a.js:25:98970
    at uM (https://www.propertyfinder.bh/search/_next/static/chunks/framework-785eb4579716322a.js:25:98977)
    at uS (https://www.propertyfinder.bh/search/_next/static/chunks/framework-785eb4579716322a.js:25:94016)
    at x (https://www.propertyfinder.bh/search/_next/static/chunks/framework-785eb4579716322a.js:49:1364)
    at MessagePort.R (https://www.propertyfinder.bh/search/_next/static/chunks/framework-785eb4579716322a.js:49:1894)
[     511ms] Error: Minified React error #418; visit https://reactjs.org/docs/error-decoder.html?invariant=418 for the full message or use the non-minified dev environment for full errors and additional helpful warnings.
    at am (https://www.propertyfinder.bh/search/_next/static/chunks/framework-785eb4579716322a.js:25:46417)
    at i (https://www.propertyfinder.bh/search/_next/static/chunks/framework-785eb4579716322a.js:25:121140)
    at uI (https://www.propertyfinder.bh/search/_next/static/chunks/framework-785eb4579716322a.js:25:99103)
    at https://www.propertyfinder.bh/search/_next/static/chunks/framework-785eb4579716322a.js:25:98970
    at uM (https://www.propertyfinder.bh/search/_next/static/chunks/framework-785eb4579716322a.js:25:98977)
    at uS (https://www.propertyfinder.bh/search/_next/static/chunks/framework-785eb4579716322a.js:25:94016)
    at x (https://www.propertyfinder.bh/search/_next/static/chunks/framework-785eb4579716322a.js:49:1364)
    at MessagePort.R (https://www.propertyfinder.bh/search/_next/static/chunks/framework-785eb4579716322a.js:49:1894)
[     512ms] Error: Minified React error #418; visit https://reactjs.org/docs/error-decoder.html?invariant=418 for the full message or use the non-minified dev environment for full errors and additional helpful warnings.
    at am (https://www.propertyfinder.bh/search/_next/static/chunks/framework-785eb4579716322a.js:25:46417)
    at i (https://www.propertyfinder.bh/search/_next/static/chunks/framework-785eb4579716322a.js:25:121140)
    at uI (https://www.propertyfinder.bh/search/_next/static/chunks/framework-785eb4579716322a.js:25:99103)
    at https://www.propertyfinder.bh/search/_next/static/chunks/framework-785eb4579716322a.js:25:98970
    at uM (https://www.propertyfinder.bh/search/_next/static/chunks/framework-785eb4579716322a.js:25:98977)
    at uS (https://www.propertyfinder.bh/search/_next/static/chunks/framework-785eb4579716322a.js:25:94016)
    at x (https://www.propertyfinder.bh/search/_next/static/chunks/framework-785eb4579716322a.js:49:1364)
    at MessagePort.R (https://www.propertyfinder.bh/search/_next/static/chunks/framework-785eb4579716322a.js:49:1894)
[     512ms] Error: Minified React error #418; visit https://reactjs.org/docs/error-decoder.html?invariant=418 for the full message or use the non-minified dev environment for full errors and additional helpful warnings.
    at am (https://www.propertyfinder.bh/search/_next/static/chunks/framework-785eb4579716322a.js:25:46417)
    at i (https://www.propertyfinder.bh/search/_next/static/chunks/framework-785eb4579716322a.js:25:121140)
    at uI (https://www.propertyfinder.bh/search/_next/static/chunks/framework-785eb4579716322a.js:25:99103)
    at https://www.propertyfinder.bh/search/_next/static/chunks/framework-785eb4579716322a.js:25:98970
    at uM (https://www.propertyfinder.bh/search/_next/static/chunks/framework-785eb4579716322a.js:25:98977)
    at uS (https://www.propertyfinder.bh/search/_next/static/chunks/framework-785eb4579716322a.js:25:94016)
    at x (https://www.propertyfinder.bh/search/_next/static/chunks/framework-785eb4579716322a.js:49:1364)
    at MessagePort.R (https://www.propertyfinder.bh/search/_next/static/chunks/framework-785eb4579716322a.js:49:1894)
[     513ms] Error: Minified React error #418; visit https://reactjs.org/docs/error-decoder.html?invariant=418 for the full message or use the non-minified dev environment for full errors and additional helpful warnings.
    at am (https://www.propertyfinder.bh/search/_next/static/chunks/framework-785eb4579716322a.js:25:46417)
    at i (https://www.propertyfinder.bh/search/_next/static/chunks/framework-785eb4579716322a.js:25:121140)
    at uI (https://www.propertyfinder.bh/search/_next/static/chunks/framework-785eb4579716322a.js:25:99103)
    at https://www.propertyfinder.bh/search/_next/static/chunks/framework-785eb4579716322a.js:25:98970
    at uM (https://www.propertyfinder.bh/search/_next/static/chunks/framework-785eb4579716322a.js:25:98977)
    at uS (https://www.propertyfinder.bh/search/_next/static/chunks/framework-785eb4579716322a.js:25:94016)
    at x (https://www.propertyfinder.bh/search/_next/static/chunks/framework-785eb4579716322a.js:49:1364)
    at MessagePort.R (https://www.propertyfinder.bh/search/_next/static/chunks/framework-785eb4579716322a.js:49:1894)
[     513ms] Error: Minified React error #418; visit https://reactjs.org/docs/error-decoder.html?invariant=418 for the full message or use the non-minified dev environment for full errors and additional helpful warnings.
    at am (https://www.propertyfinder.bh/search/_next/static/chunks/framework-785eb4579716322a.js:25:46417)
    at i (https://www.propertyfinder.bh/search/_next/static/chunks/framework-785eb4579716322a.js:25:121140)
    at uI (https://www.propertyfinder.bh/search/_next/static/chunks/framework-785eb4579716322a.js:25:99103)
    at https://www.propertyfinder.bh/search/_next/static/chunks/framework-785eb4579716322a.js:25:98970
    at uM (https://www.propertyfinder.bh/search/_next/static/chunks/framework-785eb4579716322a.js:25:98977)
    at uS (https://www.propertyfinder.bh/search/_next/static/chunks/framework-785eb4579716322a.js:25:94016)
    at x (https://www.propertyfinder.bh/search/_next/static/chunks/framework-785eb4579716322a.js:49:1364)
    at MessagePort.R (https://www.propertyfinder.bh/search/_next/static/chunks/framework-785eb4579716322a.js:49:1894)
[     514ms] Error: Minified React error #418; visit https://reactjs.org/docs/error-decoder.html?invariant=418 for the full message or use the non-minified dev environment for full errors and additional helpful warnings.
    at am (https://www.propertyfinder.bh/search/_next/static/chunks/framework-785eb4579716322a.js:25:46417)
    at i (https://www.propertyfinder.bh/search/_next/static/chunks/framework-785eb4579716322a.js:25:121140)
    at uI (https://www.propertyfinder.bh/search/_next/static/chunks/framework-785eb4579716322a.js:25:99103)
    at https://www.propertyfinder.bh/search/_next/static/chunks/framework-785eb4579716322a.js:25:98970
    at uM (https://www.propertyfinder.bh/search/_next/static/chunks/framework-785eb4579716322a.js:25:98977)
    at uS (https://www.propertyfinder.bh/search/_next/static/chunks/framework-785eb4579716322a.js:25:94016)
    at x (https://www.propertyfinder.bh/search/_next/static/chunks/framework-785eb4579716322a.js:49:1364)
    at MessagePort.R (https://www.propertyfinder.bh/search/_next/static/chunks/framework-785eb4579716322a.js:49:1894)
[     514ms] Error: Minified React error #418; visit https://reactjs.org/docs/error-decoder.html?invariant=418 for the full message or use the non-minified dev environment for full errors and additional helpful warnings.
    at am (https://www.propertyfinder.bh/search/_next/static/chunks/framework-785eb4579716322a.js:25:46417)
    at i (https://www.propertyfinder.bh/search/_next/static/chunks/framework-785eb4579716322a.js:25:121140)
    at uI (https://www.propertyfinder.bh/search/_next/static/chunks/framework-785eb4579716322a.js:25:99103)
    at https://www.propertyfinder.bh/search/_next/static/chunks/framework-785eb4579716322a.js:25:98970
    at uM (https://www.propertyfinder.bh/search/_next/static/chunks/framework-785eb4579716322a.js:25:98977)
    at uS (https://www.propertyfinder.bh/search/_next/static/chunks/framework-785eb4579716322a.js:25:94016)
    at x (https://www.propertyfinder.bh/search/_next/static/chunks/framework-785eb4579716322a.js:49:1364)
    at MessagePort.R (https://www.propertyfinder.bh/search/_next/static/chunks/framework-785eb4579716322a.js:49:1894)
[     514ms] Error: Minified React error #418; visit https://reactjs.org/docs/error-decoder.html?invariant=418 for the full message or use the non-minified dev environment for full errors and additional helpful warnings.
    at am (https://www.propertyfinder.bh/search/_next/static/chunks/framework-785eb4579716322a.js:25:46417)
    at i (https://www.propertyfinder.bh/search/_next/static/chunks/framework-785eb4579716322a.js:25:121140)
    at uI (https://www.propertyfinder.bh/search/_next/static/chunks/framework-785eb4579716322a.js:25:99103)
    at https://www.propertyfinder.bh/search/_next/static/chunks/framework-785eb4579716322a.js:25:98970
    at uM (https://www.propertyfinder.bh/search/_next/static/chunks/framework-785eb4579716322a.js:25:98977)
    at uS (https://www.propertyfinder.bh/search/_next/static/chunks/framework-785eb4579716322a.js:25:94016)
    at x (https://www.propertyfinder.bh/search/_next/static/chunks/framework-785eb4579716322a.js:49:1364)
    at MessagePort.R (https://www.propertyfinder.bh/search/_next/static/chunks/framework-785eb4579716322a.js:49:1894)
[     515ms] Error: Minified React error #418; visit https://reactjs.org/docs/error-decoder.html?invariant=418 for the full message or use the non-minified dev environment for full errors and additional helpful warnings.
    at am (https://www.propertyfinder.bh/search/_next/static/chunks/framework-785eb4579716322a.js:25:46417)
    at i (https://www.propertyfinder.bh/search/_next/static/chunks/framework-785eb4579716322a.js:25:121140)
    at uI (https://www.propertyfinder.bh/search/_next/static/chunks/framework-785eb4579716322a.js:25:99103)
    at https://www.propertyfinder.bh/search/_next/static/chunks/framework-785eb4579716322a.js:25:98970
    at uM (https://www.propertyfinder.bh/search/_next/static/chunks/framework-785eb4579716322a.js:25:98977)
    at uS (https://www.propertyfinder.bh/search/_next/static/chunks/framework-785eb4579716322a.js:25:94016)
    at x (https://www.propertyfinder.bh/search/_next/static/chunks/framework-785eb4579716322a.js:49:1364)
    at MessagePort.R (https://www.propertyfinder.bh/search/_next/static/chunks/framework-785eb4579716322a.js:49:1894)
[     515ms] Error: Minified React error #418; visit https://reactjs.org/docs/error-decoder.html?invariant=418 for the full message or use the non-minified dev environment for full errors and additional helpful warnings.
    at am (https://www.propertyfinder.bh/search/_next/static/chunks/framework-785eb4579716322a.js:25:46417)
    at i (https://www.propertyfinder.bh/search/_next/static/chunks/framework-785eb4579716322a.js:25:121140)
    at uI (https://www.propertyfinder.bh/search/_next/static/chunks/framework-785eb4579716322a.js:25:99103)
    at https://www.propertyfinder.bh/search/_next/static/chunks/framework-785eb4579716322a.js:25:98970
    at uM (https://www.propertyfinder.bh/search/_next/static/chunks/framework-785eb4579716322a.js:25:98977)
    at uS (https://www.propertyfinder.bh/search/_next/static/chunks/framework-785eb4579716322a.js:25:94016)
    at x (https://www.propertyfinder.bh/search/_next/static/chunks/framework-785eb4579716322a.js:49:1364)
    at MessagePort.R (https://www.propertyfinder.bh/search/_next/static/chunks/framework-785eb4579716322a.js:49:1894)
[     515ms] Error: Minified React error #418; visit https://reactjs.org/docs/error-decoder.html?invariant=418 for the full message or use the non-minified dev environment for full errors and additional helpful warnings.
    at am (https://www.propertyfinder.bh/search/_next/static/chunks/framework-785eb4579716322a.js:25:46417)
    at i (https://www.propertyfinder.bh/search/_next/static/chunks/framework-785eb4579716322a.js:25:121140)
    at uI (https://www.propertyfinder.bh/search/_next/static/chunks/framework-785eb4579716322a.js:25:99103)
    at https://www.propertyfinder.bh/search/_next/static/chunks/framework-785eb4579716322a.js:25:98970
    at uM (https://www.propertyfinder.bh/search/_next/static/chunks/framework-785eb4579716322a.js:25:98977)
    at uS (https://www.propertyfinder.bh/search/_next/static/chunks/framework-785eb4579716322a.js:25:94016)
    at x (https://www.propertyfinder.bh/search/_next/static/chunks/framework-785eb4579716322a.js:49:1364)
    at MessagePort.R (https://www.propertyfinder.bh/search/_next/static/chunks/framework-785eb4579716322a.js:49:1894)
[     516ms] Error: Minified React error #418; visit https://reactjs.org/docs/error-decoder.html?invariant=418 for the full message or use the non-minified dev environment for full errors and additional helpful warnings.
    at am (https://www.propertyfinder.bh/search/_next/static/chunks/framework-785eb4579716322a.js:25:46417)
    at i (https://www.propertyfinder.bh/search/_next/static/chunks/framework-785eb4579716322a.js:25:121140)
    at uI (https://www.propertyfinder.bh/search/_next/static/chunks/framework-785eb4579716322a.js:25:99103)
    at https://www.propertyfinder.bh/search/_next/static/chunks/framework-785eb4579716322a.js:25:98970
    at uM (https://www.propertyfinder.bh/search/_next/static/chunks/framework-785eb4579716322a.js:25:98977)
    at uS (https://www.propertyfinder.bh/search/_next/static/chunks/framework-785eb4579716322a.js:25:94016)
    at x (https://www.propertyfinder.bh/search/_next/static/chunks/framework-785eb4579716322a.js:49:1364)
    at MessagePort.R (https://www.propertyfinder.bh/search/_next/static/chunks/framework-785eb4579716322a.js:49:1894)
[     516ms] Error: Minified React error #418; visit https://reactjs.org/docs/error-decoder.html?invariant=418 for the full message or use the non-minified dev environment for full errors and additional helpful warnings.
    at am (https://www.propertyfinder.bh/search/_next/static/chunks/framework-785eb4579716322a.js:25:46417)
    at i (https://www.propertyfinder.bh/search/_next/static/chunks/framework-785eb4579716322a.js:25:121140)
    at uI (https://www.propertyfinder.bh/search/_next/static/chunks/framework-785eb4579716322a.js:25:99103)
    at https://www.propertyfinder.bh/search/_next/static/chunks/framework-785eb4579716322a.js:25:98970
    at uM (https://www.propertyfinder.bh/search/_next/static/chunks/framework-785eb4579716322a.js:25:98977)
    at uS (https://www.propertyfinder.bh/search/_next/static/chunks/framework-785eb4579716322a.js:25:94016)
    at x (https://www.propertyfinder.bh/search/_next/static/chunks/framework-785eb4579716322a.js:49:1364)
    at MessagePort.R (https://www.propertyfinder.bh/search/_next/static/chunks/framework-785eb4579716322a.js:49:1894)
[     516ms] Error: Minified React error #418; visit https://reactjs.org/docs/error-decoder.html?invariant=418 for the full message or use the non-minified dev environment for full errors and additional helpful warnings.
    at am (https://www.propertyfinder.bh/search/_next/static/chunks/framework-785eb4579716322a.js:25:46417)
    at i (https://www.propertyfinder.bh/search/_next/static/chunks/framework-785eb4579716322a.js:25:121140)
    at uI (https://www.propertyfinder.bh/search/_next/static/chunks/framework-785eb4579716322a.js:25:99103)
    at https://www.propertyfinder.bh/search/_next/static/chunks/framework-785eb4579716322a.js:25:98970
    at uM (https://www.propertyfinder.bh/search/_next/static/chunks/framework-785eb4579716322a.js:25:98977)
    at uS (https://www.propertyfinder.bh/search/_next/static/chunks/framework-785eb4579716322a.js:25:94016)
    at x (https://www.propertyfinder.bh/search/_next/static/chunks/framework-785eb4579716322a.js:49:1364)
    at MessagePort.R (https://www.propertyfinder.bh/search/_next/static/chunks/framework-785eb4579716322a.js:49:1894)
[     517ms] Error: Minified React error #418; visit https://reactjs.org/docs/error-decoder.html?invariant=418 for the full message or use the non-minified dev environment for full errors and additional helpful warnings.
    at am (https://www.propertyfinder.bh/search/_next/static/chunks/framework-785eb4579716322a.js:25:46417)
    at i (https://www.propertyfinder.bh/search/_next/static/chunks/framework-785eb4579716322a.js:25:121140)
    at uI (https://www.propertyfinder.bh/search/_next/static/chunks/framework-785eb4579716322a.js:25:99103)
    at https://www.propertyfinder.bh/search/_next/static/chunks/framework-785eb4579716322a.js:25:98970
    at uM (https://www.propertyfinder.bh/search/_next/static/chunks/framework-785eb4579716322a.js:25:98977)
    at uS (https://www.propertyfinder.bh/search/_next/static/chunks/framework-785eb4579716322a.js:25:94016)
    at x (https://www.propertyfinder.bh/search/_next/static/chunks/framework-785eb4579716322a.js:49:1364)
    at MessagePort.R (https://www.propertyfinder.bh/search/_next/static/chunks/framework-785eb4579716322a.js:49:1894)
[     517ms] Error: Minified React error #418; visit https://reactjs.org/docs/error-decoder.html?invariant=418 for the full message or use the non-minified dev environment for full errors and additional helpful warnings.
    at am (https://www.propertyfinder.bh/search/_next/static/chunks/framework-785eb4579716322a.js:25:46417)
    at i (https://www.propertyfinder.bh/search/_next/static/chunks/framework-785eb4579716322a.js:25:121140)
    at uI (https://www.propertyfinder.bh/search/_next/static/chunks/framework-785eb4579716322a.js:25:99103)
    at https://www.propertyfinder.bh/search/_next/static/chunks/framework-785eb4579716322a.js:25:98970
    at uM (https://www.propertyfinder.bh/search/_next/static/chunks/framework-785eb4579716322a.js:25:98977)
    at uS (https://www.propertyfinder.bh/search/_next/static/chunks/framework-785eb4579716322a.js:25:94016)
    at x (https://www.propertyfinder.bh/search/_next/static/chunks/framework-785eb4579716322a.js:49:1364)
    at MessagePort.R (https://www.propertyfinder.bh/search/_next/static/chunks/framework-785eb4579716322a.js:49:1894)
[     518ms] Error: Minified React error #418; visit https://reactjs.org/docs/error-decoder.html?invariant=418 for the full message or use the non-minified dev environment for full errors and additional helpful warnings.
    at am (https://www.propertyfinder.bh/search/_next/static/chunks/framework-785eb4579716322a.js:25:46417)
    at i (https://www.propertyfinder.bh/search/_next/static/chunks/framework-785eb4579716322a.js:25:121140)
    at uI (https://www.propertyfinder.bh/search/_next/static/chunks/framework-785eb4579716322a.js:25:99103)
    at https://www.propertyfinder.bh/search/_next/static/chunks/framework-785eb4579716322a.js:25:98970
    at uM (https://www.propertyfinder.bh/search/_next/static/chunks/framework-785eb4579716322a.js:25:98977)
    at uS (https://www.propertyfinder.bh/search/_next/static/chunks/framework-785eb4579716322a.js:25:94016)
    at x (https://www.propertyfinder.bh/search/_next/static/chunks/framework-785eb4579716322a.js:49:1364)
    at MessagePort.R (https://www.propertyfinder.bh/search/_next/static/chunks/framework-785eb4579716322a.js:49:1894)
[     518ms] Error: Minified React error #418; visit https://reactjs.org/docs/error-decoder.html?invariant=418 for the full message or use the non-minified dev environment for full errors and additional helpful warnings.
    at am (https://www.propertyfinder.bh/search/_next/static/chunks/framework-785eb4579716322a.js:25:46417)
    at i (https://www.propertyfinder.bh/search/_next/static/chunks/framework-785eb4579716322a.js:25:121140)
    at uI (https://www.propertyfinder.bh/search/_next/static/chunks/framework-785eb4579716322a.js:25:99103)
    at https://www.propertyfinder.bh/search/_next/static/chunks/framework-785eb4579716322a.js:25:98970
    at uM (https://www.propertyfinder.bh/search/_next/static/chunks/framework-785eb4579716322a.js:25:98977)
    at uS (https://www.propertyfinder.bh/search/_next/static/chunks/framework-785eb4579716322a.js:25:94016)
    at x (https://www.propertyfinder.bh/search/_next/static/chunks/framework-785eb4579716322a.js:49:1364)
    at MessagePort.R (https://www.propertyfinder.bh/search/_next/static/chunks/framework-785eb4579716322a.js:49:1894)
[     518ms] Error: Minified React error #418; visit https://reactjs.org/docs/error-decoder.html?invariant=418 for the full message or use the non-minified dev environment for full errors and additional helpful warnings.
    at am (https://www.propertyfinder.bh/search/_next/static/chunks/framework-785eb4579716322a.js:25:46417)
    at i (https://www.propertyfinder.bh/search/_next/static/chunks/framework-785eb4579716322a.js:25:121140)
    at uI (https://www.propertyfinder.bh/search/_next/static/chunks/framework-785eb4579716322a.js:25:99103)
    at https://www.propertyfinder.bh/search/_next/static/chunks/framework-785eb4579716322a.js:25:98970
    at uM (https://www.propertyfinder.bh/search/_next/static/chunks/framework-785eb4579716322a.js:25:98977)
    at uS (https://www.propertyfinder.bh/search/_next/static/chunks/framework-785eb4579716322a.js:25:94016)
    at x (https://www.propertyfinder.bh/search/_next/static/chunks/framework-785eb4579716322a.js:49:1364)
    at MessagePort.R (https://www.propertyfinder.bh/search/_next/static/chunks/framework-785eb4579716322a.js:49:1894)
[     519ms] Error: Minified React error #418; visit https://reactjs.org/docs/error-decoder.html?invariant=418 for the full message or use the non-minified dev environment for full errors and additional helpful warnings.
    at am (https://www.propertyfinder.bh/search/_next/static/chunks/framework-785eb4579716322a.js:25:46417)
    at i (https://www.propertyfinder.bh/search/_next/static/chunks/framework-785eb4579716322a.js:25:121140)
    at uI (https://www.propertyfinder.bh/search/_next/static/chunks/framework-785eb4579716322a.js:25:99103)
    at https://www.propertyfinder.bh/search/_next/static/chunks/framework-785eb4579716322a.js:25:98970
    at uM (https://www.propertyfinder.bh/search/_next/static/chunks/framework-785eb4579716322a.js:25:98977)
    at uS (https://www.propertyfinder.bh/search/_next/static/chunks/framework-785eb4579716322a.js:25:94016)
    at x (https://www.propertyfinder.bh/search/_next/static/chunks/framework-785eb4579716322a.js:49:1364)
    at MessagePort.R (https://www.propertyfinder.bh/search/_next/static/chunks/framework-785eb4579716322a.js:49:1894)
[     519ms] Error: Minified React error #418; visit https://reactjs.org/docs/error-decoder.html?invariant=418 for the full message or use the non-minified dev environment for full errors and additional helpful warnings.
    at am (https://www.propertyfinder.bh/search/_next/static/chunks/framework-785eb4579716322a.js:25:46417)
    at i (https://www.propertyfinder.bh/search/_next/static/chunks/framework-785eb4579716322a.js:25:121140)
    at uI (https://www.propertyfinder.bh/search/_next/static/chunks/framework-785eb4579716322a.js:25:99103)
    at https://www.propertyfinder.bh/search/_next/static/chunks/framework-785eb4579716322a.js:25:98970
    at uM (https://www.propertyfinder.bh/search/_next/static/chunks/framework-785eb4579716322a.js:25:98977)
    at uS (https://www.propertyfinder.bh/search/_next/static/chunks/framework-785eb4579716322a.js:25:94016)
    at x (https://www.propertyfinder.bh/search/_next/static/chunks/framework-785eb4579716322a.js:49:1364)
    at MessagePort.R (https://www.propertyfinder.bh/search/_next/static/chunks/framework-785eb4579716322a.js:49:1894)
[     519ms] Error: Minified React error #418; visit https://reactjs.org/docs/error-decoder.html?invariant=418 for the full message or use the non-minified dev environment for full errors and additional helpful warnings.
    at am (https://www.propertyfinder.bh/search/_next/static/chunks/framework-785eb4579716322a.js:25:46417)
    at i (https://www.propertyfinder.bh/search/_next/static/chunks/framework-785eb4579716322a.js:25:121140)
    at uI (https://www.propertyfinder.bh/search/_next/static/chunks/framework-785eb4579716322a.js:25:99103)
    at https://www.propertyfinder.bh/search/_next/static/chunks/framework-785eb4579716322a.js:25:98970
    at uM (https://www.propertyfinder.bh/search/_next/static/chunks/framework-785eb4579716322a.js:25:98977)
    at uS (https://www.propertyfinder.bh/search/_next/static/chunks/framework-785eb4579716322a.js:25:94016)
    at x (https://www.propertyfinder.bh/search/_next/static/chunks/framework-785eb4579716322a.js:49:1364)
    at MessagePort.R (https://www.propertyfinder.bh/search/_next/static/chunks/framework-785eb4579716322a.js:49:1894)
[     519ms] Error: Minified React error #418; visit https://reactjs.org/docs/error-decoder.html?invariant=418 for the full message or use the non-minified dev environment for full errors and additional helpful warnings.
    at am (https://www.propertyfinder.bh/search/_next/static/chunks/framework-785eb4579716322a.js:25:46417)
    at i (https://www.propertyfinder.bh/search/_next/static/chunks/framework-785eb4579716322a.js:25:121140)
    at uI (https://www.propertyfinder.bh/search/_next/static/chunks/framework-785eb4579716322a.js:25:99103)
    at https://www.propertyfinder.bh/search/_next/static/chunks/framework-785eb4579716322a.js:25:98970
    at uM (https://www.propertyfinder.bh/search/_next/static/chunks/framework-785eb4579716322a.js:25:98977)
    at uS (https://www.propertyfinder.bh/search/_next/static/chunks/framework-785eb4579716322a.js:25:94016)
    at x (https://www.propertyfinder.bh/search/_next/static/chunks/framework-785eb4579716322a.js:49:1364)
    at MessagePort.R (https://www.propertyfinder.bh/search/_next/static/chunks/framework-785eb4579716322a.js:49:1894)
[     520ms] Error: Minified React error #418; visit https://reactjs.org/docs/error-decoder.html?invariant=418 for the full message or use the non-minified dev environment for full errors and additional helpful warnings.
    at am (https://www.propertyfinder.bh/search/_next/static/chunks/framework-785eb4579716322a.js:25:46417)
    at i (https://www.propertyfinder.bh/search/_next/static/chunks/framework-785eb4579716322a.js:25:121140)
    at uI (https://www.propertyfinder.bh/search/_next/static/chunks/framework-785eb4579716322a.js:25:99103)
    at https://www.propertyfinder.bh/search/_next/static/chunks/framework-785eb4579716322a.js:25:98970
    at uM (https://www.propertyfinder.bh/search/_next/static/chunks/framework-785eb4579716322a.js:25:98977)
    at uS (https://www.propertyfinder.bh/search/_next/static/chunks/framework-785eb4579716322a.js:25:94016)
    at x (https://www.propertyfinder.bh/search/_next/static/chunks/framework-785eb4579716322a.js:49:1364)
    at MessagePort.R (https://www.propertyfinder.bh/search/_next/static/chunks/framework-785eb4579716322a.js:49:1894)
[     520ms] Error: Minified React error #418; visit https://reactjs.org/docs/error-decoder.html?invariant=418 for the full message or use the non-minified dev environment for full errors and additional helpful warnings.
    at am (https://www.propertyfinder.bh/search/_next/static/chunks/framework-785eb4579716322a.js:25:46417)
    at i (https://www.propertyfinder.bh/search/_next/static/chunks/framework-785eb4579716322a.js:25:121140)
    at uI (https://www.propertyfinder.bh/search/_next/static/chunks/framework-785eb4579716322a.js:25:99103)
    at https://www.propertyfinder.bh/search/_next/static/chunks/framework-785eb4579716322a.js:25:98970
    at uM (https://www.propertyfinder.bh/search/_next/static/chunks/framework-785eb4579716322a.js:25:98977)
    at uS (https://www.propertyfinder.bh/search/_next/static/chunks/framework-785eb4579716322a.js:25:94016)
    at x (https://www.propertyfinder.bh/search/_next/static/chunks/framework-785eb4579716322a.js:49:1364)
    at MessagePort.R (https://www.propertyfinder.bh/search/_next/static/chunks/framework-785eb4579716322a.js:49:1894)
[     520ms] Error: Minified React error #418; visit https://reactjs.org/docs/error-decoder.html?invariant=418 for the full message or use the non-minified dev environment for full errors and additional helpful warnings.
    at am (https://www.propertyfinder.bh/search/_next/static/chunks/framework-785eb4579716322a.js:25:46417)
    at i (https://www.propertyfinder.bh/search/_next/static/chunks/framework-785eb4579716322a.js:25:121140)
    at uI (https://www.propertyfinder.bh/search/_next/static/chunks/framework-785eb4579716322a.js:25:99103)
    at https://www.propertyfinder.bh/search/_next/static/chunks/framework-785eb4579716322a.js:25:98970
    at uM (https://www.propertyfinder.bh/search/_next/static/chunks/framework-785eb4579716322a.js:25:98977)
    at uS (https://www.propertyfinder.bh/search/_next/static/chunks/framework-785eb4579716322a.js:25:94016)
    at x (https://www.propertyfinder.bh/search/_next/static/chunks/framework-785eb4579716322a.js:49:1364)
    at MessagePort.R (https://www.propertyfinder.bh/search/_next/static/chunks/framework-785eb4579716322a.js:49:1894)
[     521ms] Error: Minified React error #418; visit https://reactjs.org/docs/error-decoder.html?invariant=418 for the full message or use the non-minified dev environment for full errors and additional helpful warnings.
    at am (https://www.propertyfinder.bh/search/_next/static/chunks/framework-785eb4579716322a.js:25:46417)
    at i (https://www.propertyfinder.bh/search/_next/static/chunks/framework-785eb4579716322a.js:25:121140)
    at uI (https://www.propertyfinder.bh/search/_next/static/chunks/framework-785eb4579716322a.js:25:99103)
    at https://www.propertyfinder.bh/search/_next/static/chunks/framework-785eb4579716322a.js:25:98970
    at uM (https://www.propertyfinder.bh/search/_next/static/chunks/framework-785eb4579716322a.js:25:98977)
    at uS (https://www.propertyfinder.bh/search/_next/static/chunks/framework-785eb4579716322a.js:25:94016)
    at x (https://www.propertyfinder.bh/search/_next/static/chunks/framework-785eb4579716322a.js:49:1364)
    at MessagePort.R (https://www.propertyfinder.bh/search/_next/static/chunks/framework-785eb4579716322a.js:49:1894)
[     521ms] Error: Minified React error #418; visit https://reactjs.org/docs/error-decoder.html?invariant=418 for the full message or use the non-minified dev environment for full errors and additional helpful warnings.
    at am (https://www.propertyfinder.bh/search/_next/static/chunks/framework-785eb4579716322a.js:25:46417)
    at i (https://www.propertyfinder.bh/search/_next/static/chunks/framework-785eb4579716322a.js:25:121140)
    at uI (https://www.propertyfinder.bh/search/_next/static/chunks/framework-785eb4579716322a.js:25:99103)
    at https://www.propertyfinder.bh/search/_next/static/chunks/framework-785eb4579716322a.js:25:98970
    at uM (https://www.propertyfinder.bh/search/_next/static/chunks/framework-785eb4579716322a.js:25:98977)
    at uS (https://www.propertyfinder.bh/search/_next/static/chunks/framework-785eb4579716322a.js:25:94016)
    at x (https://www.propertyfinder.bh/search/_next/static/chunks/framework-785eb4579716322a.js:49:1364)
    at MessagePort.R (https://www.propertyfinder.bh/search/_next/static/chunks/framework-785eb4579716322a.js:49:1894)
[     521ms] Error: Minified React error #418; visit https://reactjs.org/docs/error-decoder.html?invariant=418 for the full message or use the non-minified dev environment for full errors and additional helpful warnings.
    at am (https://www.propertyfinder.bh/search/_next/static/chunks/framework-785eb4579716322a.js:25:46417)
    at i (https://www.propertyfinder.bh/search/_next/static/chunks/framework-785eb4579716322a.js:25:121140)
    at uI (https://www.propertyfinder.bh/search/_next/static/chunks/framework-785eb4579716322a.js:25:99103)
    at https://www.propertyfinder.bh/search/_next/static/chunks/framework-785eb4579716322a.js:25:98970
    at uM (https://www.propertyfinder.bh/search/_next/static/chunks/framework-785eb4579716322a.js:25:98977)
    at uS (https://www.propertyfinder.bh/search/_next/static/chunks/framework-785eb4579716322a.js:25:94016)
    at x (https://www.propertyfinder.bh/search/_next/static/chunks/framework-785eb4579716322a.js:49:1364)
    at MessagePort.R (https://www.propertyfinder.bh/search/_next/static/chunks/framework-785eb4579716322a.js:49:1894)
[     521ms] Error: Minified React error #418; visit https://reactjs.org/docs/error-decoder.html?invariant=418 for the full message or use the non-minified dev environment for full errors and additional helpful warnings.
    at am (https://www.propertyfinder.bh/search/_next/static/chunks/framework-785eb4579716322a.js:25:46417)
    at i (https://www.propertyfinder.bh/search/_next/static/chunks/framework-785eb4579716322a.js:25:121140)
    at uI (https://www.propertyfinder.bh/search/_next/static/chunks/framework-785eb4579716322a.js:25:99103)
    at https://www.propertyfinder.bh/search/_next/static/chunks/framework-785eb4579716322a.js:25:98970
    at uM (https://www.propertyfinder.bh/search/_next/static/chunks/framework-785eb4579716322a.js:25:98977)
    at uS (https://www.propertyfinder.bh/search/_next/static/chunks/framework-785eb4579716322a.js:25:94016)
    at x (https://www.propertyfinder.bh/search/_next/static/chunks/framework-785eb4579716322a.js:49:1364)
    at MessagePort.R (https://www.propertyfinder.bh/search/_next/static/chunks/framework-785eb4579716322a.js:49:1894)
[     522ms] Error: Minified React error #418; visit https://reactjs.org/docs/error-decoder.html?invariant=418 for the full message or use the non-minified dev environment for full errors and additional helpful warnings.
    at am (https://www.propertyfinder.bh/search/_next/static/chunks/framework-785eb4579716322a.js:25:46417)
    at i (https://www.propertyfinder.bh/search/_next/static/chunks/framework-785eb4579716322a.js:25:121140)
    at uI (https://www.propertyfinder.bh/search/_next/static/chunks/framework-785eb4579716322a.js:25:99103)
    at https://www.propertyfinder.bh/search/_next/static/chunks/framework-785eb4579716322a.js:25:98970
    at uM (https://www.propertyfinder.bh/search/_next/static/chunks/framework-785eb4579716322a.js:25:98977)
    at uS (https://www.propertyfinder.bh/search/_next/static/chunks/framework-785eb4579716322a.js:25:94016)
    at x (https://www.propertyfinder.bh/search/_next/static/chunks/framework-785eb4579716322a.js:49:1364)
    at MessagePort.R (https://www.propertyfinder.bh/search/_next/static/chunks/framework-785eb4579716322a.js:49:1894)
[     522ms] Error: Minified React error #418; visit https://reactjs.org/docs/error-decoder.html?invariant=418 for the full message or use the non-minified dev environment for full errors and additional helpful warnings.
    at am (https://www.propertyfinder.bh/search/_next/static/chunks/framework-785eb4579716322a.js:25:46417)
    at i (https://www.propertyfinder.bh/search/_next/static/chunks/framework-785eb4579716322a.js:25:121140)
    at uI (https://www.propertyfinder.bh/search/_next/static/chunks/framework-785eb4579716322a.js:25:99103)
    at https://www.propertyfinder.bh/search/_next/static/chunks/framework-785eb4579716322a.js:25:98970
    at uM (https://www.propertyfinder.bh/search/_next/static/chunks/framework-785eb4579716322a.js:25:98977)
    at uS (https://www.propertyfinder.bh/search/_next/static/chunks/framework-785eb4579716322a.js:25:94016)
    at x (https://www.propertyfinder.bh/search/_next/static/chunks/framework-785eb4579716322a.js:49:1364)
    at MessagePort.R (https://www.propertyfinder.bh/search/_next/static/chunks/framework-785eb4579716322a.js:49:1894)
[     522ms] Error: Minified React error #418; visit https://reactjs.org/docs/error-decoder.html?invariant=418 for the full message or use the non-minified dev environment for full errors and additional helpful warnings.
    at am (https://www.propertyfinder.bh/search/_next/static/chunks/framework-785eb4579716322a.js:25:46417)
    at i (https://www.propertyfinder.bh/search/_next/static/chunks/framework-785eb4579716322a.js:25:121140)
    at uI (https://www.propertyfinder.bh/search/_next/static/chunks/framework-785eb4579716322a.js:25:99103)
    at https://www.propertyfinder.bh/search/_next/static/chunks/framework-785eb4579716322a.js:25:98970
    at uM (https://www.propertyfinder.bh/search/_next/static/chunks/framework-785eb4579716322a.js:25:98977)
    at uS (https://www.propertyfinder.bh/search/_next/static/chunks/framework-785eb4579716322a.js:25:94016)
    at x (https://www.propertyfinder.bh/search/_next/static/chunks/framework-785eb4579716322a.js:49:1364)
    at MessagePort.R (https://www.propertyfinder.bh/search/_next/static/chunks/framework-785eb4579716322a.js:49:1894)
[     523ms] Error: Minified React error #418; visit https://reactjs.org/docs/error-decoder.html?invariant=418 for the full message or use the non-minified dev environment for full errors and additional helpful warnings.
    at am (https://www.propertyfinder.bh/search/_next/static/chunks/framework-785eb4579716322a.js:25:46417)
    at i (https://www.propertyfinder.bh/search/_next/static/chunks/framework-785eb4579716322a.js:25:121140)
    at uI (https://www.propertyfinder.bh/search/_next/static/chunks/framework-785eb4579716322a.js:25:99103)
    at https://www.propertyfinder.bh/search/_next/static/chunks/framework-785eb4579716322a.js:25:98970
    at uM (https://www.propertyfinder.bh/search/_next/static/chunks/framework-785eb4579716322a.js:25:98977)
    at uS (https://www.propertyfinder.bh/search/_next/static/chunks/framework-785eb4579716322a.js:25:94016)
    at x (https://www.propertyfinder.bh/search/_next/static/chunks/framework-785eb4579716322a.js:49:1364)
    at MessagePort.R (https://www.propertyfinder.bh/search/_next/static/chunks/framework-785eb4579716322a.js:49:1894)
[     523ms] Error: Minified React error #423; visit https://reactjs.org/docs/error-decoder.html?invariant=423 for the full message or use the non-minified dev environment for full errors and additional helpful warnings.
    at i (https://www.propertyfinder.bh/search/_next/static/chunks/framework-785eb4579716322a.js:25:120809)
    at uI (https://www.propertyfinder.bh/search/_next/static/chunks/framework-785eb4579716322a.js:25:99103)
    at https://www.propertyfinder.bh/search/_next/static/chunks/framework-785eb4579716322a.js:25:98970
    at uM (https://www.propertyfinder.bh/search/_next/static/chunks/framework-785eb4579716322a.js:25:98977)
    at ux (https://www.propertyfinder.bh/search/_next/static/chunks/framework-785eb4579716322a.js:25:95729)
    at uS (https://www.propertyfinder.bh/search/_next/static/chunks/framework-785eb4579716322a.js:25:94284)
    at x (https://www.propertyfinder.bh/search/_next/static/chunks/framework-785eb4579716322a.js:49:1364)
    at MessagePort.R (https://www.propertyfinder.bh/search/_next/static/chunks/framework-785eb4579716322a.js:49:1894)
[     797ms] [WARNING] [CHEQ Loader] Script already exists from codebase. Skipping Tealium injection. @ https://www.propertyfinder.bh/search/_next/static/chunks/pages/_app-b608bf196ccd7e0a.js:4
[    1283ms] Uncaught (in promise) ReferenceError: tealtag is not defined
    at <anonymous> (https://tags.propertyfinder.bh/uae/prod/utag.js:321:18782)
    at getTealtagSessionId (https://tags.propertyfinder.bh/uae/prod/utag.js:321:18758)
    at waitForSessionID (https://tags.propertyfinder.bh/uae/prod/utag.js:325:58)
    at utag.handler.extend (https://tags.propertyfinder.bh/uae/prod/utag.js:326:0)
    at RE (https://tags.propertyfinder.bh/uae/prod/utag.js:74:23)
    at trigger (https://tags.propertyfinder.bh/uae/prod/utag.js:78:205)
    at INIT (https://tags.propertyfinder.bh/uae/prod/utag.js:70:117)
    at END (https://tags.propertyfinder.bh/uae/prod/utag.js:64:147)
    at LOAD (https://tags.propertyfinder.bh/uae/prod/utag.js:56:12)
    at utag.loader.INIT (https://tags.propertyfinder.bh/uae/prod/utag.js:540:404)
    at utag.loader.PINIT (https://tags.propertyfinder.bh/uae/prod/utag.js:540:13)
    at <anonymous> (https://tags.propertyfinder.bh/uae/prod/utag.js:552:211)
[    1283ms] Uncaught (in promise) ReferenceError: tealtag is not defined
    at <anonymous> (https://tags.propertyfinder.bh/uae/prod/utag.js:321:18782)
    at getTealtagSessionId (https://tags.propertyfinder.bh/uae/prod/utag.js:321:18758)
    at waitForSessionID (https://tags.propertyfinder.bh/uae/prod/utag.js:325:58)
    at utag.handler.extend (https://tags.propertyfinder.bh/uae/prod/utag.js:326:0)
    at RE (https://tags.propertyfinder.bh/uae/prod/utag.js:74:23)
    at trigger (https://tags.propertyfinder.bh/uae/prod/utag.js:78:19)
    at track (https://tags.propertyfinder.bh/uae/prod/utag.js:68:51)
    at link (https://tags.propertyfinder.bh/uae/prod/utag.js:67:219)
    at utag.handler.extend (https://tags.propertyfinder.bh/uae/prod/utag.js:353:509)
    at RE (https://tags.propertyfinder.bh/uae/prod/utag.js:74:23)
    at trigger (https://tags.propertyfinder.bh/uae/prod/utag.js:79:5)
    at INIT (https://tags.propertyfinder.bh/uae/prod/utag.js:70:117)
    at END (https://tags.propertyfinder.bh/uae/prod/utag.js:64:147)
    at LOAD (https://tags.propertyfinder.bh/uae/prod/utag.js:56:12)
    at utag.loader.INIT (https://tags.propertyfinder.bh/uae/prod/utag.js:540:404)
    at utag.loader.PINIT (https://tags.propertyfinder.bh/uae/prod/utag.js:540:13)
    at <anonymous> (https://tags.propertyfinder.bh/uae/prod/utag.js:552:211)
[    1353ms] [WARNING] [GSI_LOGGER]: Your client application uses one of the Google One Tap prompt UI status methods that may stop functioning when FedCM becomes mandatory. Refer to the migration guide to update your code accordingly and opt-in to FedCM to test your changes. Learn more: https://developers.google.com/identity/gsi/web/guides/fedcm-migration?s=dc#display_moment and https://developers.google.com/identity/gsi/web/guides/fedcm-migration?s=dc#skipped_moment @ https://www.propertyfinder.bh/search/_next/static/chunks/pages/_app-b608bf196ccd7e0a.js:4
[    1361ms] [ERROR] Not signed in with the identity provider. @ https://www.propertyfinder.bh/en/rent/properties-for-rent.html:0
[    1382ms] [WARNING] [GSI_LOGGER]: google.accounts.id.initialize() is called multiple times. This could cause unexpected behavior and only the last initialized instance will be used. @ https://www.propertyfinder.bh/search/_next/static/chunks/pages/_app-b608bf196ccd7e0a.js:4
[    1385ms] [WARNING] [GSI_LOGGER]: Your client application uses one of the Google One Tap prompt UI status methods that may stop functioning when FedCM becomes mandatory. Refer to the migration guide to update your code accordingly and opt-in to FedCM to test your changes. Learn more: https://developers.google.com/identity/gsi/web/guides/fedcm-migration?s=dc#display_moment and https://developers.google.com/identity/gsi/web/guides/fedcm-migration?s=dc#skipped_moment @ https://www.propertyfinder.bh/search/_next/static/chunks/pages/_app-b608bf196ccd7e0a.js:4
[    1387ms] [ERROR] Only one navigator.credentials.get request may be outstanding at one time. @ https://www.propertyfinder.bh/en/rent/properties-for-rent.html:0
[    1387ms] [ERROR] [GSI_LOGGER]: FedCM get() rejects with NotAllowedError: Only one navigator.credentials.get request may be outstanding at one time. @ https://www.propertyfinder.bh/search/_next/static/chunks/pages/_app-b608bf196ccd7e0a.js:4
[    1617ms] [WARNING] [GPT] PubAdsService.collapseEmptyDivs is deprecated, use googletag.setConfig({collapseDiv: ...}) instead.
https://goo.gle/gpt-message#170 @ https://www.propertyfinder.bh/search/_next/static/chunks/pages/_app-b608bf196ccd7e0a.js:4
[    2635ms] [ERROR] Attestation check for Shared Storage on https://www.googleadservices.com failed. @ https://www.googleadservices.com/pagead/managed/js/activeview/current/reach_worklet.html:0
[    2652ms] [ERROR] Attestation check for Shared Storage on https://www.googleadservices.com failed. @ https://www.googleadservices.com/pagead/managed/js/activeview/current/reach_worklet.html:0
[    2658ms] [ERROR] Attestation check for Shared Storage on https://www.googleadservices.com failed. @ https://www.googleadservices.com/pagead/managed/js/activeview/current/reach_worklet.html:0
[    2729ms] [ERROR] Attestation check for Shared Storage on https://www.googleadservices.com failed. @ https://www.googleadservices.com/pagead/managed/js/activeview/current/reach_worklet.html:0
[   17360ms] [ERROR] [GSI_LOGGER]: FedCM get() rejects with NetworkError: Error retrieving a token. @ https://www.propertyfinder.bh/search/_next/static/chunks/pages/_app-b608bf196ccd7e0a.js:4
