[    1551ms] [WARNING] Error with Feature-Policy header: Unrecognized feature: 'vr'. @ :0
[    1551ms] [WARNING] Error with Feature-Policy header: Unrecognized feature: 'ambient-light-sensor'. @ :0
[    1581ms] [WARNING] <link rel=preload> must have a valid `as` value @ https://www.propertyfinder.bh/en/rent/apartments-for-rent.html?page=50:9
[    2155ms] [WARNING] [CHEQ Loader] Script already exists from codebase. Skipping Tealium injection. @ https://www.propertyfinder.bh/search/_next/static/chunks/pages/_app-b608bf196ccd7e0a.js:4
[    2681ms] Uncaught (in promise) ReferenceError: tealtag is not defined
    at <anonymous> (https://tags.propertyfinder.bh/uae/prod/utag.js:321:18782)
    at getTealtagSessionId (https://tags.propertyfinder.bh/uae/prod/utag.js:321:18758)
    at waitForSessionID (https://tags.propertyfinder.bh/uae/prod/utag.js:325:58)
    at utag.handler.extend (https://tags.propertyfinder.bh/uae/prod/utag.js:326:0)
    at RE (https://tags.propertyfinder.bh/uae/prod/utag.js:74:23)
    at trigger (https://tags.propertyfinder.bh/uae/prod/utag.js:78:205)
    at INIT (https://tags.propertyfinder.bh/uae/prod/utag.js:70:117)
    at END (https://tags.propertyfinder.bh/uae/prod/utag.js:64:147)
    at LOAD (https://tags.propertyfinder.bh/uae/prod/utag.js:56:12)
    at utag.loader.INIT (https://tags.propertyfinder.bh/uae/prod/utag.js:540:404)
    at utag.loader.PINIT (https://tags.propertyfinder.bh/uae/prod/utag.js:540:13)
    at <anonymous> (https://tags.propertyfinder.bh/uae/prod/utag.js:552:211)
[    2681ms] Uncaught (in promise) ReferenceError: tealtag is not defined
    at <anonymous> (https://tags.propertyfinder.bh/uae/prod/utag.js:321:18782)
    at getTealtagSessionId (https://tags.propertyfinder.bh/uae/prod/utag.js:321:18758)
    at waitForSessionID (https://tags.propertyfinder.bh/uae/prod/utag.js:325:58)
    at utag.handler.extend (https://tags.propertyfinder.bh/uae/prod/utag.js:326:0)
    at RE (https://tags.propertyfinder.bh/uae/prod/utag.js:74:23)
    at trigger (https://tags.propertyfinder.bh/uae/prod/utag.js:78:19)
    at track (https://tags.propertyfinder.bh/uae/prod/utag.js:68:51)
    at link (https://tags.propertyfinder.bh/uae/prod/utag.js:67:219)
    at utag.handler.extend (https://tags.propertyfinder.bh/uae/prod/utag.js:353:509)
    at RE (https://tags.propertyfinder.bh/uae/prod/utag.js:74:23)
    at trigger (https://tags.propertyfinder.bh/uae/prod/utag.js:79:5)
    at INIT (https://tags.propertyfinder.bh/uae/prod/utag.js:70:117)
    at END (https://tags.propertyfinder.bh/uae/prod/utag.js:64:147)
    at LOAD (https://tags.propertyfinder.bh/uae/prod/utag.js:56:12)
    at utag.loader.INIT (https://tags.propertyfinder.bh/uae/prod/utag.js:540:404)
    at utag.loader.PINIT (https://tags.propertyfinder.bh/uae/prod/utag.js:540:13)
    at <anonymous> (https://tags.propertyfinder.bh/uae/prod/utag.js:552:211)
[    2697ms] [WARNING] [GSI_LOGGER]: Your client application uses one of the Google One Tap prompt UI status methods that may stop functioning when FedCM becomes mandatory. Refer to the migration guide to update your code accordingly and opt-in to FedCM to test your changes. Learn more: https://developers.google.com/identity/gsi/web/guides/fedcm-migration?s=dc#display_moment and https://developers.google.com/identity/gsi/web/guides/fedcm-migration?s=dc#skipped_moment @ https://www.propertyfinder.bh/search/_next/static/chunks/pages/_app-b608bf196ccd7e0a.js:4
[    2700ms] [ERROR] Not signed in with the identity provider. @ https://www.propertyfinder.bh/en/rent/apartments-for-rent.html?page=50:0
[    2919ms] [WARNING] [GPT] PubAdsService.collapseEmptyDivs is deprecated, use googletag.setConfig({collapseDiv: ...}) instead.
https://goo.gle/gpt-message#170 @ https://www.propertyfinder.bh/search/_next/static/chunks/pages/_app-b608bf196ccd7e0a.js:4
[    3776ms] [ERROR] Attestation check for Shared Storage on https://www.googleadservices.com failed. @ https://www.googleadservices.com/pagead/managed/js/activeview/current/reach_worklet.html:0
[    3780ms] [ERROR] Attestation check for Shared Storage on https://www.googleadservices.com failed. @ https://www.googleadservices.com/pagead/managed/js/activeview/current/reach_worklet.html:0
[    3783ms] [ERROR] Attestation check for Shared Storage on https://www.googleadservices.com failed. @ https://www.googleadservices.com/pagead/managed/js/activeview/current/reach_worklet.html:0
[    3793ms] [ERROR] Attestation check for Shared Storage on https://www.googleadservices.com failed. @ https://www.googleadservices.com/pagead/managed/js/activeview/current/reach_worklet.html:0
