[GET] https://static.shared.propertyfinder.bh/media/images/listing/ZJWB12AMYB98S0NSVYENQJPTGC/12b3cae6-e521-4cb6-9c94-7fae4984a2d0/668x452.jpg => [FAILED] net::ERR_BLOCKED_BY_ORB
[GET] https://static.shared.propertyfinder.bh/media/images/listing/GAG7TDE9EHP87J066XDMHQDFGW/f320382b-2691-465d-928b-719dfea71557/416x272.jpg => [FAILED] net::ERR_BLOCKED_BY_ORB
[GET] https://static.shared.propertyfinder.bh/media/images/listing/GAG7TDE9EHP87J066XDMHQDFGW/2c165e51-af6a-4212-a359-59577a307bfe/416x272.jpg => [FAILED] net::ERR_BLOCKED_BY_ORB
[GET] https://static.shared.propertyfinder.bh/media/images/listing/GAG7TDE9EHP87J066XDMHQDFGW/421ce81e-ec55-4c73-961a-810917685c39/416x272.jpg => [FAILED] net::ERR_BLOCKED_BY_ORB
[GET] https://static.shared.propertyfinder.bh/media/images/listing/01KZ2W773BR060HFM3N9E1ATKM/3a23c7d3-7ef8-4812-8968-1f9c3f0a0a2d/416x272.jpg => [FAILED] net::ERR_BLOCKED_BY_ORB
[GET] https://static.shared.propertyfinder.bh/media/images/listing/01KZ2W773BR060HFM3N9E1ATKM/64e05810-83fe-4cb0-aac4-627492a777a9/416x272.jpg => [FAILED] net::ERR_BLOCKED_BY_ORB
[GET] https://static.shared.propertyfinder.bh/media/images/listing/TM298TMF5HFMHA7ECBNQKNZW6M/44370af8-5041-464b-a6e1-9f43242540bd/416x272.jpg => [FAILED] net::ERR_BLOCKED_BY_ORB
[GET] https://static.shared.propertyfinder.bh/media/images/listing/TM298TMF5HFMHA7ECBNQKNZW6M/06286932-b7e7-4727-aea5-b7e912dbfabb/416x272.jpg => [FAILED] net::ERR_BLOCKED_BY_ORB
[GET] https://static.shared.propertyfinder.bh/media/images/listing/0XF7AQA6CCB6JDMPR3Y35D83AG/993c80bf-ce69-4c96-aad0-0e11c4b76da8/416x272.jpg => [FAILED] net::ERR_BLOCKED_BY_ORB
[GET] https://static.shared.propertyfinder.bh/media/images/listing/0XF7AQA6CCB6JDMPR3Y35D83AG/2c66b5cc-0629-4e4e-942c-09f872280675/416x272.jpg => [FAILED] net::ERR_BLOCKED_BY_ORB
[GET] https://static.shared.propertyfinder.bh/media/images/listing/6KK8ZQYAE17VQWD028PC9NCN0G/6e51477b-77f3-48ce-ad49-bf7373847ea8/416x272.jpg => [FAILED] net::ERR_BLOCKED_BY_ORB
[GET] https://static.shared.propertyfinder.bh/media/images/listing/6KK8ZQYAE17VQWD028PC9NCN0G/f78aa676-bf34-4fdd-9a74-d08a54fe72b4/416x272.jpg => [FAILED] net::ERR_BLOCKED_BY_ORB
[GET] https://static.shared.propertyfinder.bh/media/images/listing/YKBQY72506SCRKWFP07344TK5G/f1597a99-3632-451a-a921-323a1be198cf/416x272.jpg => [FAILED] net::ERR_BLOCKED_BY_ORB
[GET] https://static.shared.propertyfinder.bh/media/images/listing/YKBQY72506SCRKWFP07344TK5G/a77a5f61-bd80-400f-937f-949d1fc953bd/416x272.jpg => [FAILED] net::ERR_BLOCKED_BY_ORB
[GET] https://static.shared.propertyfinder.bh/media/images/listing/B0T6AC2PW6TEZWB8677CQVB0X0/9e6bcbdf-c3e0-4c90-ac3c-567fe1bc0b81/416x272.jpg => [FAILED] net::ERR_BLOCKED_BY_ORB
[GET] https://static.shared.propertyfinder.bh/media/images/listing/B0T6AC2PW6TEZWB8677CQVB0X0/9b66eb46-5078-428f-91e5-59181a27b523/416x272.jpg => [FAILED] net::ERR_BLOCKED_BY_ORB
[GET] https://static.shared.propertyfinder.bh/media/images/listing/GBFX4V5HT1WR56WCBS22JG5NW4/23ba8a36-789d-4b26-8abf-e4712e3a3c8c/416x272.jpg => [FAILED] net::ERR_BLOCKED_BY_ORB
[GET] https://static.shared.propertyfinder.bh/media/images/listing/GBFX4V5HT1WR56WCBS22JG5NW4/bc4da3f1-9b4a-41a5-93a7-a554e9c4eeed/416x272.jpg => [FAILED] net::ERR_BLOCKED_BY_ORB
[GET] https://static.shared.propertyfinder.bh/media/images/listing/YKX9N0JKEAQQTC012PJBN0EF2C/4915a929-5618-4e94-938a-d77bd95a3a5e/416x272.jpg => [FAILED] net::ERR_BLOCKED_BY_ORB
[GET] https://static.shared.propertyfinder.bh/media/images/listing/YKX9N0JKEAQQTC012PJBN0EF2C/d5627a0e-914c-40e2-b19c-672f97b77376/416x272.jpg => [FAILED] net::ERR_BLOCKED_BY_ORB
[GET] https://static.shared.propertyfinder.bh/media/images/listing/Q2FYPAX8YQQSGRRRBEQPP4QC24/35b5fd25-a8a9-44b4-a198-dfc0747ce13d/416x272.jpg => [FAILED] net::ERR_BLOCKED_BY_ORB
[GET] https://static.shared.propertyfinder.bh/media/images/listing/Q2FYPAX8YQQSGRRRBEQPP4QC24/ea44a779-fe3d-45c5-b9e5-273ab703d85f/416x272.jpg => [FAILED] net::ERR_BLOCKED_BY_ORB
[GET] https://static.shared.propertyfinder.bh/media/images/listing/QJFS54CFP8KKG44RE41VBNXJQR/4fa6eab4-5758-4b3d-b019-8fc6d1c103cb/416x272.jpg => [FAILED] net::ERR_BLOCKED_BY_ORB
[GET] https://static.shared.propertyfinder.bh/media/images/listing/QJFS54CFP8KKG44RE41VBNXJQR/82f484d1-50d1-4981-83a3-a652aecfd18c/416x272.jpg => [FAILED] net::ERR_BLOCKED_BY_ORB
[GET] https://static.shared.propertyfinder.bh/media/images/listing/09NCECNVJHDARCSQB47M9SRD0R/409626c7-0aec-4afc-9e36-1c88927c6735/416x272.jpg => [FAILED] net::ERR_BLOCKED_BY_ORB
[GET] https://static.shared.propertyfinder.bh/media/images/listing/09NCECNVJHDARCSQB47M9SRD0R/ddf3348f-382b-4ffd-bb8a-e7aa37746600/416x272.jpg => [FAILED] net::ERR_BLOCKED_BY_ORB
[GET] https://static.shared.propertyfinder.bh/media/images/listing/3E9GNT5W73816JX8241PPEZ8MG/1aef5c37-5e99-423d-9671-0338d1d63dc7/416x272.jpg => [FAILED] net::ERR_BLOCKED_BY_ORB
[GET] https://static.shared.propertyfinder.bh/media/images/listing/3E9GNT5W73816JX8241PPEZ8MG/301a8a3a-f818-4290-8a70-4605d5d84de4/416x272.jpg => [FAILED] net::ERR_BLOCKED_BY_ORB
[GET] https://static.shared.propertyfinder.bh/media/images/listing/VHX73SJNVVJRK5Q12RAJT7YNAC/56e5a621-c1a3-4afe-aef6-e014dc22f19c/416x272.jpg => [FAILED] net::ERR_BLOCKED_BY_ORB
[GET] https://static.shared.propertyfinder.bh/media/images/listing/VHX73SJNVVJRK5Q12RAJT7YNAC/b5f09a48-d077-4cb5-815c-355f7de2772b/416x272.jpg => [FAILED] net::ERR_BLOCKED_BY_ORB
[GET] https://static.shared.propertyfinder.bh/media/images/listing/D2Z79GTJ7E3ME5K8M92RAXY10R/006d49be-f74c-41c6-bfac-5bc1d8d37bd4/416x272.jpg => [FAILED] net::ERR_BLOCKED_BY_ORB
[GET] https://static.shared.propertyfinder.bh/media/images/listing/D2Z79GTJ7E3ME5K8M92RAXY10R/fda147af-4d76-49bb-85a6-5308db8822f0/416x272.jpg => [FAILED] net::ERR_BLOCKED_BY_ORB
[GET] https://static.shared.propertyfinder.bh/media/images/listing/EF4229QMRHYVGB930R0BKPN770/32bbf341-2767-43e0-bdba-c7890584ed5a/416x272.jpg => [FAILED] net::ERR_BLOCKED_BY_ORB
[GET] https://static.shared.propertyfinder.bh/media/images/listing/EF4229QMRHYVGB930R0BKPN770/985bb3e2-f9c1-4154-920f-e9ff7b7f3368/416x272.jpg => [FAILED] net::ERR_BLOCKED_BY_ORB
[GET] https://static.shared.propertyfinder.bh/media/images/listing/KP2EB08XPYXJDT4K0SFWC0X424/ef97e2bf-bb38-400d-b694-599e66112515/416x272.jpg => [FAILED] net::ERR_BLOCKED_BY_ORB
[GET] https://static.shared.propertyfinder.bh/media/images/listing/KP2EB08XPYXJDT4K0SFWC0X424/de3fe89a-383c-4aeb-8b98-d36949a3331f/416x272.jpg => [FAILED] net::ERR_BLOCKED_BY_ORB
[GET] https://static.shared.propertyfinder.bh/media/images/listing/59M2Y3KPE3BGK1K0ME4FVQW4TR/36cdee79-5c41-43e2-808f-886adbce8791/416x272.jpg => [FAILED] net::ERR_BLOCKED_BY_ORB
[GET] https://static.shared.propertyfinder.bh/media/images/listing/59M2Y3KPE3BGK1K0ME4FVQW4TR/cd4bce46-4bde-48d3-bfcb-2ab933044353/416x272.jpg => [FAILED] net::ERR_BLOCKED_BY_ORB
[GET] https://static.shared.propertyfinder.bh/media/images/listing/SPP4TR6060CY7Y1W5WHCQV6M2C/2f838b7f-6ccb-475e-8319-d847d98a7c3c/416x272.jpg => [FAILED] net::ERR_BLOCKED_BY_ORB
[GET] https://static.shared.propertyfinder.bh/media/images/listing/SPP4TR6060CY7Y1W5WHCQV6M2C/6d23d423-e2b6-4a90-bb37-614d3c50db7d/416x272.jpg => [FAILED] net::ERR_BLOCKED_BY_ORB
[GET] https://static.shared.propertyfinder.bh/media/images/listing/TP9E2APEQBJ09JN97SHZVFNHCG/c5410fd4-a0df-4a8c-a43f-ca9d3f9f035f/416x272.jpg => [FAILED] net::ERR_BLOCKED_BY_ORB
[GET] https://static.shared.propertyfinder.bh/media/images/listing/TP9E2APEQBJ09JN97SHZVFNHCG/edbdb382-9e84-4256-8a02-c2ef7e53acaf/416x272.jpg => [FAILED] net::ERR_BLOCKED_BY_ORB
[GET] https://static.shared.propertyfinder.bh/media/images/listing/2WVB4DGKZ9SBPMTJPKJQEWN038/e77e83cc-ddd5-4a06-ac35-5de907c130ee/416x272.jpg => [FAILED] net::ERR_BLOCKED_BY_ORB
[GET] https://static.shared.propertyfinder.bh/media/images/listing/2WVB4DGKZ9SBPMTJPKJQEWN038/51d885b7-4068-4a44-980c-e731348ff8fb/416x272.jpg => [FAILED] net::ERR_BLOCKED_BY_ORB
[GET] https://static.shared.propertyfinder.bh/media/images/listing/SB6JBZYS9FW984ZADVS06ZN1T8/677a69fe-44a6-421e-ae0e-7fcf218c01f8/416x272.jpg => [FAILED] net::ERR_BLOCKED_BY_ORB
[GET] https://static.shared.propertyfinder.bh/media/images/listing/SB6JBZYS9FW984ZADVS06ZN1T8/f3c34f97-0649-411d-9b2f-f83c2baacca7/416x272.jpg => [FAILED] net::ERR_BLOCKED_BY_ORB
[GET] https://static.shared.propertyfinder.bh/media/images/listing/9QFNP4KQT579WDXPH1VG7EVK2C/f3a7614b-96d2-4a5e-9f63-1bf7e358d164/416x272.jpg => [FAILED] net::ERR_BLOCKED_BY_ORB
[GET] https://static.shared.propertyfinder.bh/media/images/listing/9QFNP4KQT579WDXPH1VG7EVK2C/7279ff8b-48a8-4f4b-88c4-9a2062a14b58/416x272.jpg => [FAILED] net::ERR_BLOCKED_BY_ORB
[GET] https://static.shared.propertyfinder.bh/media/images/listing/5YP268K64CJS39PR6SCHPAGTAM/51391b93-d39b-4dd2-a530-c3ced530d57a/416x272.jpg => [FAILED] net::ERR_BLOCKED_BY_ORB
[GET] https://static.shared.propertyfinder.bh/media/images/listing/5YP268K64CJS39PR6SCHPAGTAM/4b3ad6b1-bea0-4d18-b925-89aa11f69453/416x272.jpg => [FAILED] net::ERR_BLOCKED_BY_ORB
[GET] https://static.shared.propertyfinder.bh/media/images/listing/F3VK455D65T1CTGRX1GPS521DM/deb1b077-3524-4e42-9d4b-784841d654c5/416x272.jpg => [FAILED] net::ERR_BLOCKED_BY_ORB
[GET] https://static.shared.propertyfinder.bh/media/images/listing/F3VK455D65T1CTGRX1GPS521DM/6abdb27f-d5cd-4ffe-b790-ead973d0579d/416x272.jpg => [FAILED] net::ERR_BLOCKED_BY_ORB
[GET] https://static.shared.propertyfinder.bh/media/images/listing/ZJWB12AMYB98S0NSVYENQJPTGC/12b3cae6-e521-4cb6-9c94-7fae4984a2d0/668x452.jpg => [FAILED] net::ERR_BLOCKED_BY_ORB
[GET] https://static.shared.propertyfinder.bh/media/images/listing/GAG7TDE9EHP87J066XDMHQDFGW/2c165e51-af6a-4212-a359-59577a307bfe/416x272.jpg => [FAILED] net::ERR_BLOCKED_BY_ORB
[GET] https://static.shared.propertyfinder.bh/media/images/client_logos/1265/e0256333-04c9-46d2-8368-47ae6ab0828b/178x98.jpg => [FAILED] net::ERR_BLOCKED_BY_ORB
[GET] https://static.shared.propertyfinder.bh/media/images/listing/HRYJ53B671EQ3915794BD5Y7F0/e98671f8-3698-49a5-89c7-1329f53efda8/668x452.jpg => [FAILED] net::ERR_BLOCKED_BY_ORB
[GET] https://static.shared.propertyfinder.bh/media/images/client_logos/217/4c2921f6-321c-4f99-853c-3cd94a8c733f/178x98.jpg => [FAILED] net::ERR_BLOCKED_BY_ORB
[GET] https://static.shared.propertyfinder.bh/media/images/listing/01KZ2W773BR060HFM3N9E1ATKM/1cedd198-089f-491d-9c8c-f73857bc839e/416x272.jpg => [FAILED] net::ERR_BLOCKED_BY_ORB
[GET] https://static.shared.propertyfinder.bh/media/images/listing/TM298TMF5HFMHA7ECBNQKNZW6M/9def1a53-cf7c-4522-ae8a-a7e4815ff257/416x272.jpg => [FAILED] net::ERR_BLOCKED_BY_ORB
[GET] https://static.shared.propertyfinder.bh/media/images/client_logos/1171/15b6d91b-3736-4705-a91d-f405b938afa0/178x98.jpg => [FAILED] net::ERR_BLOCKED_BY_ORB
[GET] https://static.shared.propertyfinder.bh/media/images/listing/GAG7TDE9EHP87J066XDMHQDFGW/421ce81e-ec55-4c73-961a-810917685c39/416x272.jpg => [FAILED] net::ERR_BLOCKED_BY_ORB
[GET] https://static.shared.propertyfinder.bh/media/images/listing/GAG7TDE9EHP87J066XDMHQDFGW/f320382b-2691-465d-928b-719dfea71557/416x272.jpg => [FAILED] net::ERR_BLOCKED_BY_ORB
[GET] https://static.shared.propertyfinder.bh/media/images/listing/01KZ2W773BR060HFM3N9E1ATKM/3a23c7d3-7ef8-4812-8968-1f9c3f0a0a2d/416x272.jpg => [FAILED] net::ERR_BLOCKED_BY_ORB
[GET] https://static.shared.propertyfinder.bh/media/images/listing/01KZ2W773BR060HFM3N9E1ATKM/64e05810-83fe-4cb0-aac4-627492a777a9/416x272.jpg => [FAILED] net::ERR_BLOCKED_BY_ORB
[GET] https://static.shared.propertyfinder.bh/media/images/listing/TM298TMF5HFMHA7ECBNQKNZW6M/44370af8-5041-464b-a6e1-9f43242540bd/416x272.jpg => [FAILED] net::ERR_BLOCKED_BY_ORB
[GET] https://static.shared.propertyfinder.bh/media/images/listing/TM298TMF5HFMHA7ECBNQKNZW6M/06286932-b7e7-4727-aea5-b7e912dbfabb/416x272.jpg => [FAILED] net::ERR_BLOCKED_BY_ORB
[GET] https://static.shared.propertyfinder.bh/media/images/listing/0XF7AQA6CCB6JDMPR3Y35D83AG/993c80bf-ce69-4c96-aad0-0e11c4b76da8/416x272.jpg => [FAILED] net::ERR_BLOCKED_BY_ORB
[GET] https://static.shared.propertyfinder.bh/media/images/listing/0XF7AQA6CCB6JDMPR3Y35D83AG/2c66b5cc-0629-4e4e-942c-09f872280675/416x272.jpg => [FAILED] net::ERR_BLOCKED_BY_ORB
[GET] https://static.shared.propertyfinder.bh/media/images/listing/6KK8ZQYAE17VQWD028PC9NCN0G/6e51477b-77f3-48ce-ad49-bf7373847ea8/416x272.jpg => [FAILED] net::ERR_BLOCKED_BY_ORB
[GET] https://static.shared.propertyfinder.bh/media/images/listing/6KK8ZQYAE17VQWD028PC9NCN0G/f78aa676-bf34-4fdd-9a74-d08a54fe72b4/416x272.jpg => [FAILED] net::ERR_BLOCKED_BY_ORB
[GET] https://static.shared.propertyfinder.bh/media/images/listing/YKBQY72506SCRKWFP07344TK5G/f1597a99-3632-451a-a921-323a1be198cf/416x272.jpg => [FAILED] net::ERR_BLOCKED_BY_ORB
[GET] https://static.shared.propertyfinder.bh/media/images/listing/YKBQY72506SCRKWFP07344TK5G/a77a5f61-bd80-400f-937f-949d1fc953bd/416x272.jpg => [FAILED] net::ERR_BLOCKED_BY_ORB
[GET] https://static.shared.propertyfinder.bh/media/images/listing/B0T6AC2PW6TEZWB8677CQVB0X0/9e6bcbdf-c3e0-4c90-ac3c-567fe1bc0b81/416x272.jpg => [FAILED] net::ERR_BLOCKED_BY_ORB
[GET] https://static.shared.propertyfinder.bh/media/images/listing/B0T6AC2PW6TEZWB8677CQVB0X0/9b66eb46-5078-428f-91e5-59181a27b523/416x272.jpg => [FAILED] net::ERR_BLOCKED_BY_ORB
[GET] https://static.shared.propertyfinder.bh/media/images/listing/GBFX4V5HT1WR56WCBS22JG5NW4/23ba8a36-789d-4b26-8abf-e4712e3a3c8c/416x272.jpg => [FAILED] net::ERR_BLOCKED_BY_ORB
[GET] https://static.shared.propertyfinder.bh/media/images/listing/GBFX4V5HT1WR56WCBS22JG5NW4/bc4da3f1-9b4a-41a5-93a7-a554e9c4eeed/416x272.jpg => [FAILED] net::ERR_BLOCKED_BY_ORB
[GET] https://static.shared.propertyfinder.bh/media/images/listing/YKX9N0JKEAQQTC012PJBN0EF2C/4915a929-5618-4e94-938a-d77bd95a3a5e/416x272.jpg => [FAILED] net::ERR_BLOCKED_BY_ORB
[GET] https://static.shared.propertyfinder.bh/media/images/listing/Q2FYPAX8YQQSGRRRBEQPP4QC24/35b5fd25-a8a9-44b4-a198-dfc0747ce13d/416x272.jpg => [FAILED] net::ERR_BLOCKED_BY_ORB
[GET] https://static.shared.propertyfinder.bh/media/images/listing/YKX9N0JKEAQQTC012PJBN0EF2C/d5627a0e-914c-40e2-b19c-672f97b77376/416x272.jpg => [FAILED] net::ERR_BLOCKED_BY_ORB
[GET] https://static.shared.propertyfinder.bh/media/images/listing/Q2FYPAX8YQQSGRRRBEQPP4QC24/ea44a779-fe3d-45c5-b9e5-273ab703d85f/416x272.jpg => [FAILED] net::ERR_BLOCKED_BY_ORB
[GET] https://static.shared.propertyfinder.bh/media/images/listing/QJFS54CFP8KKG44RE41VBNXJQR/4fa6eab4-5758-4b3d-b019-8fc6d1c103cb/416x272.jpg => [FAILED] net::ERR_BLOCKED_BY_ORB
[GET] https://static.shared.propertyfinder.bh/media/images/listing/QJFS54CFP8KKG44RE41VBNXJQR/82f484d1-50d1-4981-83a3-a652aecfd18c/416x272.jpg => [FAILED] net::ERR_BLOCKED_BY_ORB
[GET] https://static.shared.propertyfinder.bh/media/images/listing/09NCECNVJHDARCSQB47M9SRD0R/409626c7-0aec-4afc-9e36-1c88927c6735/416x272.jpg => [FAILED] net::ERR_BLOCKED_BY_ORB
[GET] https://static.shared.propertyfinder.bh/media/images/listing/09NCECNVJHDARCSQB47M9SRD0R/ddf3348f-382b-4ffd-bb8a-e7aa37746600/416x272.jpg => [FAILED] net::ERR_BLOCKED_BY_ORB
[GET] https://static.shared.propertyfinder.bh/media/images/listing/3E9GNT5W73816JX8241PPEZ8MG/1aef5c37-5e99-423d-9671-0338d1d63dc7/416x272.jpg => [FAILED] net::ERR_BLOCKED_BY_ORB
[GET] https://static.shared.propertyfinder.bh/media/images/listing/3E9GNT5W73816JX8241PPEZ8MG/301a8a3a-f818-4290-8a70-4605d5d84de4/416x272.jpg => [FAILED] net::ERR_BLOCKED_BY_ORB
[GET] https://static.shared.propertyfinder.bh/media/images/listing/VHX73SJNVVJRK5Q12RAJT7YNAC/b5f09a48-d077-4cb5-815c-355f7de2772b/416x272.jpg => [FAILED] net::ERR_BLOCKED_BY_ORB
[GET] https://static.shared.propertyfinder.bh/media/images/listing/D2Z79GTJ7E3ME5K8M92RAXY10R/fda147af-4d76-49bb-85a6-5308db8822f0/416x272.jpg => [FAILED] net::ERR_BLOCKED_BY_ORB
[GET] https://static.shared.propertyfinder.bh/media/images/listing/D2Z79GTJ7E3ME5K8M92RAXY10R/006d49be-f74c-41c6-bfac-5bc1d8d37bd4/416x272.jpg => [FAILED] net::ERR_BLOCKED_BY_ORB
[GET] https://static.shared.propertyfinder.bh/media/images/listing/EF4229QMRHYVGB930R0BKPN770/32bbf341-2767-43e0-bdba-c7890584ed5a/416x272.jpg => [FAILED] net::ERR_BLOCKED_BY_ORB
[GET] https://static.shared.propertyfinder.bh/media/images/listing/VHX73SJNVVJRK5Q12RAJT7YNAC/56e5a621-c1a3-4afe-aef6-e014dc22f19c/416x272.jpg => [FAILED] net::ERR_BLOCKED_BY_ORB
[GET] https://static.shared.propertyfinder.bh/media/images/listing/EF4229QMRHYVGB930R0BKPN770/985bb3e2-f9c1-4154-920f-e9ff7b7f3368/416x272.jpg => [FAILED] net::ERR_BLOCKED_BY_ORB
[GET] https://static.shared.propertyfinder.bh/media/images/listing/KP2EB08XPYXJDT4K0SFWC0X424/ef97e2bf-bb38-400d-b694-599e66112515/416x272.jpg => [FAILED] net::ERR_BLOCKED_BY_ORB
[GET] https://static.shared.propertyfinder.bh/media/images/listing/KP2EB08XPYXJDT4K0SFWC0X424/de3fe89a-383c-4aeb-8b98-d36949a3331f/416x272.jpg => [FAILED] net::ERR_BLOCKED_BY_ORB
[GET] https://static.shared.propertyfinder.bh/media/images/listing/59M2Y3KPE3BGK1K0ME4FVQW4TR/36cdee79-5c41-43e2-808f-886adbce8791/416x272.jpg => [FAILED] net::ERR_BLOCKED_BY_ORB
[GET] https://static.shared.propertyfinder.bh/media/images/listing/59M2Y3KPE3BGK1K0ME4FVQW4TR/cd4bce46-4bde-48d3-bfcb-2ab933044353/416x272.jpg => [FAILED] net::ERR_BLOCKED_BY_ORB
[GET] https://static.shared.propertyfinder.bh/media/images/listing/SPP4TR6060CY7Y1W5WHCQV6M2C/2f838b7f-6ccb-475e-8319-d847d98a7c3c/416x272.jpg => [FAILED] net::ERR_BLOCKED_BY_ORB
[GET] https://static.shared.propertyfinder.bh/media/images/listing/SPP4TR6060CY7Y1W5WHCQV6M2C/6d23d423-e2b6-4a90-bb37-614d3c50db7d/416x272.jpg => [FAILED] net::ERR_BLOCKED_BY_ORB
[GET] https://static-assets.propertyfinder.com/filters/form-settings/v4/en/2.data.bh.json?v=1 => [200] 
[GET] https://static.shared.propertyfinder.bh/media/images/listing/ZJWB12AMYB98S0NSVYENQJPTGC/12b3cae6-e521-4cb6-9c94-7fae4984a2d0/668x452.jpg => [FAILED] net::ERR_BLOCKED_BY_ORB
[GET] https://static.shared.propertyfinder.bh/media/images/listing/GAG7TDE9EHP87J066XDMHQDFGW/f320382b-2691-465d-928b-719dfea71557/416x272.jpg => [FAILED] net::ERR_BLOCKED_BY_ORB
[GET] https://static.shared.propertyfinder.bh/media/images/listing/GAG7TDE9EHP87J066XDMHQDFGW/2c165e51-af6a-4212-a359-59577a307bfe/416x272.jpg => [FAILED] net::ERR_BLOCKED_BY_ORB
[GET] https://static.shared.propertyfinder.bh/media/images/listing/GAG7TDE9EHP87J066XDMHQDFGW/421ce81e-ec55-4c73-961a-810917685c39/416x272.jpg => [FAILED] net::ERR_BLOCKED_BY_ORB
[GET] https://static.shared.propertyfinder.bh/media/images/listing/01KZ2W773BR060HFM3N9E1ATKM/3a23c7d3-7ef8-4812-8968-1f9c3f0a0a2d/416x272.jpg => [FAILED] net::ERR_BLOCKED_BY_ORB
[GET] https://static.shared.propertyfinder.bh/media/images/listing/01KZ2W773BR060HFM3N9E1ATKM/64e05810-83fe-4cb0-aac4-627492a777a9/416x272.jpg => [FAILED] net::ERR_BLOCKED_BY_ORB
[GET] https://static.shared.propertyfinder.bh/media/images/listing/TM298TMF5HFMHA7ECBNQKNZW6M/44370af8-5041-464b-a6e1-9f43242540bd/416x272.jpg => [FAILED] net::ERR_BLOCKED_BY_ORB
[GET] https://static.shared.propertyfinder.bh/media/images/listing/TM298TMF5HFMHA7ECBNQKNZW6M/06286932-b7e7-4727-aea5-b7e912dbfabb/416x272.jpg => [FAILED] net::ERR_BLOCKED_BY_ORB
[GET] https://static.shared.propertyfinder.bh/media/images/listing/0XF7AQA6CCB6JDMPR3Y35D83AG/993c80bf-ce69-4c96-aad0-0e11c4b76da8/416x272.jpg => [FAILED] net::ERR_BLOCKED_BY_ORB
[GET] https://static.shared.propertyfinder.bh/media/images/listing/0XF7AQA6CCB6JDMPR3Y35D83AG/2c66b5cc-0629-4e4e-942c-09f872280675/416x272.jpg => [FAILED] net::ERR_BLOCKED_BY_ORB
[GET] https://static.shared.propertyfinder.bh/media/images/listing/6KK8ZQYAE17VQWD028PC9NCN0G/6e51477b-77f3-48ce-ad49-bf7373847ea8/416x272.jpg => [FAILED] net::ERR_BLOCKED_BY_ORB
[GET] https://static.shared.propertyfinder.bh/media/images/listing/6KK8ZQYAE17VQWD028PC9NCN0G/f78aa676-bf34-4fdd-9a74-d08a54fe72b4/416x272.jpg => [FAILED] net::ERR_BLOCKED_BY_ORB
[GET] https://static.shared.propertyfinder.bh/media/images/listing/YKBQY72506SCRKWFP07344TK5G/f1597a99-3632-451a-a921-323a1be198cf/416x272.jpg => [FAILED] net::ERR_BLOCKED_BY_ORB
[GET] https://static.shared.propertyfinder.bh/media/images/listing/YKBQY72506SCRKWFP07344TK5G/a77a5f61-bd80-400f-937f-949d1fc953bd/416x272.jpg => [FAILED] net::ERR_BLOCKED_BY_ORB
[GET] https://static.shared.propertyfinder.bh/media/images/listing/B0T6AC2PW6TEZWB8677CQVB0X0/9e6bcbdf-c3e0-4c90-ac3c-567fe1bc0b81/416x272.jpg => [FAILED] net::ERR_BLOCKED_BY_ORB
[GET] https://static.shared.propertyfinder.bh/media/images/listing/B0T6AC2PW6TEZWB8677CQVB0X0/9b66eb46-5078-428f-91e5-59181a27b523/416x272.jpg => [FAILED] net::ERR_BLOCKED_BY_ORB
[GET] https://static.shared.propertyfinder.bh/media/images/listing/GBFX4V5HT1WR56WCBS22JG5NW4/23ba8a36-789d-4b26-8abf-e4712e3a3c8c/416x272.jpg => [FAILED] net::ERR_BLOCKED_BY_ORB
[GET] https://static.shared.propertyfinder.bh/media/images/listing/GBFX4V5HT1WR56WCBS22JG5NW4/bc4da3f1-9b4a-41a5-93a7-a554e9c4eeed/416x272.jpg => [FAILED] net::ERR_BLOCKED_BY_ORB
[GET] https://static.shared.propertyfinder.bh/media/images/listing/YKX9N0JKEAQQTC012PJBN0EF2C/4915a929-5618-4e94-938a-d77bd95a3a5e/416x272.jpg => [FAILED] net::ERR_BLOCKED_BY_ORB
[GET] https://static.shared.propertyfinder.bh/media/images/listing/YKX9N0JKEAQQTC012PJBN0EF2C/d5627a0e-914c-40e2-b19c-672f97b77376/416x272.jpg => [FAILED] net::ERR_BLOCKED_BY_ORB
[GET] https://static.shared.propertyfinder.bh/media/images/listing/Q2FYPAX8YQQSGRRRBEQPP4QC24/35b5fd25-a8a9-44b4-a198-dfc0747ce13d/416x272.jpg => [FAILED] net::ERR_BLOCKED_BY_ORB
[GET] https://static.shared.propertyfinder.bh/media/images/listing/Q2FYPAX8YQQSGRRRBEQPP4QC24/ea44a779-fe3d-45c5-b9e5-273ab703d85f/416x272.jpg => [FAILED] net::ERR_BLOCKED_BY_ORB
[GET] https://static.shared.propertyfinder.bh/media/images/listing/QJFS54CFP8KKG44RE41VBNXJQR/4fa6eab4-5758-4b3d-b019-8fc6d1c103cb/416x272.jpg => [FAILED] net::ERR_BLOCKED_BY_ORB
[GET] https://static.shared.propertyfinder.bh/media/images/listing/QJFS54CFP8KKG44RE41VBNXJQR/82f484d1-50d1-4981-83a3-a652aecfd18c/416x272.jpg => [FAILED] net::ERR_BLOCKED_BY_ORB
[GET] https://static.shared.propertyfinder.bh/media/images/listing/09NCECNVJHDARCSQB47M9SRD0R/409626c7-0aec-4afc-9e36-1c88927c6735/416x272.jpg => [FAILED] net::ERR_BLOCKED_BY_ORB
[GET] https://static.shared.propertyfinder.bh/media/images/listing/09NCECNVJHDARCSQB47M9SRD0R/ddf3348f-382b-4ffd-bb8a-e7aa37746600/416x272.jpg => [FAILED] net::ERR_BLOCKED_BY_ORB
[GET] https://static.shared.propertyfinder.bh/media/images/listing/3E9GNT5W73816JX8241PPEZ8MG/1aef5c37-5e99-423d-9671-0338d1d63dc7/416x272.jpg => [FAILED] net::ERR_BLOCKED_BY_ORB
[GET] https://static.shared.propertyfinder.bh/media/images/listing/3E9GNT5W73816JX8241PPEZ8MG/301a8a3a-f818-4290-8a70-4605d5d84de4/416x272.jpg => [FAILED] net::ERR_BLOCKED_BY_ORB
[GET] https://static.shared.propertyfinder.bh/media/images/listing/VHX73SJNVVJRK5Q12RAJT7YNAC/56e5a621-c1a3-4afe-aef6-e014dc22f19c/416x272.jpg => [FAILED] net::ERR_BLOCKED_BY_ORB
[GET] https://static.shared.propertyfinder.bh/media/images/listing/VHX73SJNVVJRK5Q12RAJT7YNAC/b5f09a48-d077-4cb5-815c-355f7de2772b/416x272.jpg => [FAILED] net::ERR_BLOCKED_BY_ORB
[GET] https://static.shared.propertyfinder.bh/media/images/listing/D2Z79GTJ7E3ME5K8M92RAXY10R/006d49be-f74c-41c6-bfac-5bc1d8d37bd4/416x272.jpg => [FAILED] net::ERR_BLOCKED_BY_ORB
[GET] https://static.shared.propertyfinder.bh/media/images/listing/D2Z79GTJ7E3ME5K8M92RAXY10R/fda147af-4d76-49bb-85a6-5308db8822f0/416x272.jpg => [FAILED] net::ERR_BLOCKED_BY_ORB
[GET] https://static.shared.propertyfinder.bh/media/images/listing/EF4229QMRHYVGB930R0BKPN770/32bbf341-2767-43e0-bdba-c7890584ed5a/416x272.jpg => [FAILED] net::ERR_BLOCKED_BY_ORB
[GET] https://static.shared.propertyfinder.bh/media/images/listing/EF4229QMRHYVGB930R0BKPN770/985bb3e2-f9c1-4154-920f-e9ff7b7f3368/416x272.jpg => [FAILED] net::ERR_BLOCKED_BY_ORB
[GET] https://static.shared.propertyfinder.bh/media/images/listing/KP2EB08XPYXJDT4K0SFWC0X424/ef97e2bf-bb38-400d-b694-599e66112515/416x272.jpg => [FAILED] net::ERR_BLOCKED_BY_ORB
[GET] https://static.shared.propertyfinder.bh/media/images/listing/KP2EB08XPYXJDT4K0SFWC0X424/de3fe89a-383c-4aeb-8b98-d36949a3331f/416x272.jpg => [FAILED] net::ERR_BLOCKED_BY_ORB
[GET] https://static.shared.propertyfinder.bh/media/images/listing/59M2Y3KPE3BGK1K0ME4FVQW4TR/36cdee79-5c41-43e2-808f-886adbce8791/416x272.jpg => [FAILED] net::ERR_BLOCKED_BY_ORB
[GET] https://static.shared.propertyfinder.bh/media/images/listing/59M2Y3KPE3BGK1K0ME4FVQW4TR/cd4bce46-4bde-48d3-bfcb-2ab933044353/416x272.jpg => [FAILED] net::ERR_BLOCKED_BY_ORB
[GET] https://static.shared.propertyfinder.bh/media/images/listing/SPP4TR6060CY7Y1W5WHCQV6M2C/2f838b7f-6ccb-475e-8319-d847d98a7c3c/416x272.jpg => [FAILED] net::ERR_BLOCKED_BY_ORB
[GET] https://static.shared.propertyfinder.bh/media/images/listing/SPP4TR6060CY7Y1W5WHCQV6M2C/6d23d423-e2b6-4a90-bb37-614d3c50db7d/416x272.jpg => [FAILED] net::ERR_BLOCKED_BY_ORB
[GET] https://static.shared.propertyfinder.bh/media/images/listing/TP9E2APEQBJ09JN97SHZVFNHCG/c5410fd4-a0df-4a8c-a43f-ca9d3f9f035f/416x272.jpg => [FAILED] net::ERR_BLOCKED_BY_ORB
[GET] https://static.shared.propertyfinder.bh/media/images/listing/TP9E2APEQBJ09JN97SHZVFNHCG/edbdb382-9e84-4256-8a02-c2ef7e53acaf/416x272.jpg => [FAILED] net::ERR_BLOCKED_BY_ORB
[GET] https://static.shared.propertyfinder.bh/media/images/listing/2WVB4DGKZ9SBPMTJPKJQEWN038/e77e83cc-ddd5-4a06-ac35-5de907c130ee/416x272.jpg => [FAILED] net::ERR_BLOCKED_BY_ORB
[GET] https://static.shared.propertyfinder.bh/media/images/listing/2WVB4DGKZ9SBPMTJPKJQEWN038/51d885b7-4068-4a44-980c-e731348ff8fb/416x272.jpg => [FAILED] net::ERR_BLOCKED_BY_ORB
[GET] https://static.shared.propertyfinder.bh/media/images/listing/SB6JBZYS9FW984ZADVS06ZN1T8/677a69fe-44a6-421e-ae0e-7fcf218c01f8/416x272.jpg => [FAILED] net::ERR_BLOCKED_BY_ORB
[GET] https://static.shared.propertyfinder.bh/media/images/listing/SB6JBZYS9FW984ZADVS06ZN1T8/f3c34f97-0649-411d-9b2f-f83c2baacca7/416x272.jpg => [FAILED] net::ERR_BLOCKED_BY_ORB
[GET] https://static.shared.propertyfinder.bh/media/images/listing/9QFNP4KQT579WDXPH1VG7EVK2C/f3a7614b-96d2-4a5e-9f63-1bf7e358d164/416x272.jpg => [FAILED] net::ERR_BLOCKED_BY_ORB
[GET] https://static.shared.propertyfinder.bh/media/images/listing/5YP268K64CJS39PR6SCHPAGTAM/51391b93-d39b-4dd2-a530-c3ced530d57a/416x272.jpg => [FAILED] net::ERR_BLOCKED_BY_ORB
[GET] https://static.shared.propertyfinder.bh/media/images/listing/5YP268K64CJS39PR6SCHPAGTAM/4b3ad6b1-bea0-4d18-b925-89aa11f69453/416x272.jpg => [FAILED] net::ERR_BLOCKED_BY_ORB
[GET] https://static.shared.propertyfinder.bh/media/images/listing/F3VK455D65T1CTGRX1GPS521DM/deb1b077-3524-4e42-9d4b-784841d654c5/416x272.jpg => [FAILED] net::ERR_BLOCKED_BY_ORB
[GET] https://static.shared.propertyfinder.bh/media/images/listing/9QFNP4KQT579WDXPH1VG7EVK2C/7279ff8b-48a8-4f4b-88c4-9a2062a14b58/416x272.jpg => [FAILED] net::ERR_BLOCKED_BY_ORB
[GET] https://static.shared.propertyfinder.bh/media/images/listing/F3VK455D65T1CTGRX1GPS521DM/6abdb27f-d5cd-4ffe-b790-ead973d0579d/416x272.jpg => [FAILED] net::ERR_BLOCKED_BY_ORB
[GET] https://static.shared.propertyfinder.bh/media/images/client_logos/1265/e0256333-04c9-46d2-8368-47ae6ab0828b/178x98.jpg => [FAILED] net::ERR_BLOCKED_BY_ORB
[GET] https://static.shared.propertyfinder.bh/media/images/listing/HRYJ53B671EQ3915794BD5Y7F0/e98671f8-3698-49a5-89c7-1329f53efda8/668x452.jpg => [FAILED] net::ERR_BLOCKED_BY_ORB
[GET] https://static.shared.propertyfinder.bh/media/images/listing/01KZ2W773BR060HFM3N9E1ATKM/1cedd198-089f-491d-9c8c-f73857bc839e/416x272.jpg => [FAILED] net::ERR_BLOCKED_BY_ORB
[GET] https://static.shared.propertyfinder.bh/media/images/client_logos/217/4c2921f6-321c-4f99-853c-3cd94a8c733f/178x98.jpg => [FAILED] net::ERR_BLOCKED_BY_ORB
[GET] https://static.shared.propertyfinder.bh/media/images/listing/TM298TMF5HFMHA7ECBNQKNZW6M/9def1a53-cf7c-4522-ae8a-a7e4815ff257/416x272.jpg => [FAILED] net::ERR_BLOCKED_BY_ORB
[GET] https://static.shared.propertyfinder.bh/media/images/client_logos/1171/15b6d91b-3736-4705-a91d-f405b938afa0/178x98.jpg => [FAILED] net::ERR_BLOCKED_BY_ORB
[GET] https://static.shared.propertyfinder.bh/media/images/client_logos/1265/e0256333-04c9-46d2-8368-47ae6ab0828b/178x98.jpg => [FAILED] net::ERR_BLOCKED_BY_ORB
[GET] https://static.shared.propertyfinder.bh/media/images/listing/HRYJ53B671EQ3915794BD5Y7F0/e98671f8-3698-49a5-89c7-1329f53efda8/668x452.jpg => [FAILED] net::ERR_BLOCKED_BY_ORB
[GET] https://static.shared.propertyfinder.bh/media/images/client_logos/217/4c2921f6-321c-4f99-853c-3cd94a8c733f/178x98.jpg => [FAILED] net::ERR_BLOCKED_BY_ORB
[GET] https://static.shared.propertyfinder.bh/media/images/listing/01KZ2W773BR060HFM3N9E1ATKM/1cedd198-089f-491d-9c8c-f73857bc839e/416x272.jpg => [FAILED] net::ERR_BLOCKED_BY_ORB
[GET] https://static.shared.propertyfinder.bh/media/images/listing/TM298TMF5HFMHA7ECBNQKNZW6M/9def1a53-cf7c-4522-ae8a-a7e4815ff257/416x272.jpg => [FAILED] net::ERR_BLOCKED_BY_ORB
[GET] https://static.shared.propertyfinder.bh/media/images/client_logos/1171/15b6d91b-3736-4705-a91d-f405b938afa0/178x98.jpg => [FAILED] net::ERR_BLOCKED_BY_ORB
[GET] https://static.shared.propertyfinder.bh/media/images/listing/ZJWB12AMYB98S0NSVYENQJPTGC/12b3cae6-e521-4cb6-9c94-7fae4984a2d0/668x452.jpg => [FAILED] net::ERR_BLOCKED_BY_ORB
[GET] https://static.shared.propertyfinder.bh/media/images/listing/GAG7TDE9EHP87J066XDMHQDFGW/f320382b-2691-465d-928b-719dfea71557/416x272.jpg => [FAILED] net::ERR_BLOCKED_BY_ORB
[GET] https://static.shared.propertyfinder.bh/media/images/listing/GAG7TDE9EHP87J066XDMHQDFGW/2c165e51-af6a-4212-a359-59577a307bfe/416x272.jpg => [FAILED] net::ERR_BLOCKED_BY_ORB
[GET] https://static.shared.propertyfinder.bh/media/images/listing/01KZ2W773BR060HFM3N9E1ATKM/3a23c7d3-7ef8-4812-8968-1f9c3f0a0a2d/416x272.jpg => [FAILED] net::ERR_BLOCKED_BY_ORB
[GET] https://static.shared.propertyfinder.bh/media/images/listing/01KZ2W773BR060HFM3N9E1ATKM/64e05810-83fe-4cb0-aac4-627492a777a9/416x272.jpg => [FAILED] net::ERR_BLOCKED_BY_ORB
[GET] https://static.shared.propertyfinder.bh/media/images/listing/TM298TMF5HFMHA7ECBNQKNZW6M/44370af8-5041-464b-a6e1-9f43242540bd/416x272.jpg => [FAILED] net::ERR_BLOCKED_BY_ORB
[GET] https://static.shared.propertyfinder.bh/media/images/listing/TM298TMF5HFMHA7ECBNQKNZW6M/06286932-b7e7-4727-aea5-b7e912dbfabb/416x272.jpg => [FAILED] net::ERR_BLOCKED_BY_ORB
[GET] https://static.shared.propertyfinder.bh/media/images/listing/GAG7TDE9EHP87J066XDMHQDFGW/421ce81e-ec55-4c73-961a-810917685c39/416x272.jpg => [FAILED] net::ERR_BLOCKED_BY_ORB
[GET] https://static.shared.propertyfinder.bh/media/images/listing/0XF7AQA6CCB6JDMPR3Y35D83AG/2c66b5cc-0629-4e4e-942c-09f872280675/416x272.jpg => [FAILED] net::ERR_BLOCKED_BY_ORB
[GET] https://static.shared.propertyfinder.bh/media/images/listing/0XF7AQA6CCB6JDMPR3Y35D83AG/993c80bf-ce69-4c96-aad0-0e11c4b76da8/416x272.jpg => [FAILED] net::ERR_BLOCKED_BY_ORB
[GET] https://static.shared.propertyfinder.bh/media/images/listing/6KK8ZQYAE17VQWD028PC9NCN0G/6e51477b-77f3-48ce-ad49-bf7373847ea8/416x272.jpg => [FAILED] net::ERR_BLOCKED_BY_ORB
[GET] https://static.shared.propertyfinder.bh/media/images/listing/6KK8ZQYAE17VQWD028PC9NCN0G/f78aa676-bf34-4fdd-9a74-d08a54fe72b4/416x272.jpg => [FAILED] net::ERR_BLOCKED_BY_ORB
[GET] https://static.shared.propertyfinder.bh/media/images/listing/YKBQY72506SCRKWFP07344TK5G/f1597a99-3632-451a-a921-323a1be198cf/416x272.jpg => [FAILED] net::ERR_BLOCKED_BY_ORB
[GET] https://static.shared.propertyfinder.bh/media/images/listing/YKBQY72506SCRKWFP07344TK5G/a77a5f61-bd80-400f-937f-949d1fc953bd/416x272.jpg => [FAILED] net::ERR_BLOCKED_BY_ORB
[GET] https://static.shared.propertyfinder.bh/media/images/listing/B0T6AC2PW6TEZWB8677CQVB0X0/9e6bcbdf-c3e0-4c90-ac3c-567fe1bc0b81/416x272.jpg => [FAILED] net::ERR_BLOCKED_BY_ORB
[GET] https://static.shared.propertyfinder.bh/media/images/listing/B0T6AC2PW6TEZWB8677CQVB0X0/9b66eb46-5078-428f-91e5-59181a27b523/416x272.jpg => [FAILED] net::ERR_BLOCKED_BY_ORB
[GET] https://static.shared.propertyfinder.bh/media/images/listing/GBFX4V5HT1WR56WCBS22JG5NW4/23ba8a36-789d-4b26-8abf-e4712e3a3c8c/416x272.jpg => [FAILED] net::ERR_BLOCKED_BY_ORB
[GET] https://static.shared.propertyfinder.bh/media/images/listing/GBFX4V5HT1WR56WCBS22JG5NW4/bc4da3f1-9b4a-41a5-93a7-a554e9c4eeed/416x272.jpg => [FAILED] net::ERR_BLOCKED_BY_ORB
[GET] https://static.shared.propertyfinder.bh/media/images/listing/YKX9N0JKEAQQTC012PJBN0EF2C/4915a929-5618-4e94-938a-d77bd95a3a5e/416x272.jpg => [FAILED] net::ERR_BLOCKED_BY_ORB
[GET] https://static.shared.propertyfinder.bh/media/images/listing/YKX9N0JKEAQQTC012PJBN0EF2C/d5627a0e-914c-40e2-b19c-672f97b77376/416x272.jpg => [FAILED] net::ERR_BLOCKED_BY_ORB
[GET] https://static.shared.propertyfinder.bh/media/images/listing/Q2FYPAX8YQQSGRRRBEQPP4QC24/35b5fd25-a8a9-44b4-a198-dfc0747ce13d/416x272.jpg => [FAILED] net::ERR_BLOCKED_BY_ORB
[GET] https://static.shared.propertyfinder.bh/media/images/listing/Q2FYPAX8YQQSGRRRBEQPP4QC24/ea44a779-fe3d-45c5-b9e5-273ab703d85f/416x272.jpg => [FAILED] net::ERR_BLOCKED_BY_ORB
[GET] https://static.shared.propertyfinder.bh/media/images/listing/QJFS54CFP8KKG44RE41VBNXJQR/4fa6eab4-5758-4b3d-b019-8fc6d1c103cb/416x272.jpg => [FAILED] net::ERR_BLOCKED_BY_ORB
[GET] https://static.shared.propertyfinder.bh/media/images/listing/QJFS54CFP8KKG44RE41VBNXJQR/82f484d1-50d1-4981-83a3-a652aecfd18c/416x272.jpg => [FAILED] net::ERR_BLOCKED_BY_ORB
[GET] https://static.shared.propertyfinder.bh/media/images/listing/09NCECNVJHDARCSQB47M9SRD0R/409626c7-0aec-4afc-9e36-1c88927c6735/416x272.jpg => [FAILED] net::ERR_BLOCKED_BY_ORB
[GET] https://static.shared.propertyfinder.bh/media/images/listing/09NCECNVJHDARCSQB47M9SRD0R/ddf3348f-382b-4ffd-bb8a-e7aa37746600/416x272.jpg => [FAILED] net::ERR_BLOCKED_BY_ORB
[GET] https://static.shared.propertyfinder.bh/media/images/listing/3E9GNT5W73816JX8241PPEZ8MG/1aef5c37-5e99-423d-9671-0338d1d63dc7/416x272.jpg => [FAILED] net::ERR_BLOCKED_BY_ORB
[GET] https://static.shared.propertyfinder.bh/media/images/listing/VHX73SJNVVJRK5Q12RAJT7YNAC/56e5a621-c1a3-4afe-aef6-e014dc22f19c/416x272.jpg => [FAILED] net::ERR_BLOCKED_BY_ORB
[GET] https://static.shared.propertyfinder.bh/media/images/listing/3E9GNT5W73816JX8241PPEZ8MG/301a8a3a-f818-4290-8a70-4605d5d84de4/416x272.jpg => [FAILED] net::ERR_BLOCKED_BY_ORB
[GET] https://static.shared.propertyfinder.bh/media/images/listing/VHX73SJNVVJRK5Q12RAJT7YNAC/b5f09a48-d077-4cb5-815c-355f7de2772b/416x272.jpg => [FAILED] net::ERR_BLOCKED_BY_ORB
[GET] https://static.shared.propertyfinder.bh/media/images/listing/D2Z79GTJ7E3ME5K8M92RAXY10R/006d49be-f74c-41c6-bfac-5bc1d8d37bd4/416x272.jpg => [FAILED] net::ERR_BLOCKED_BY_ORB
[GET] https://static.shared.propertyfinder.bh/media/images/listing/D2Z79GTJ7E3ME5K8M92RAXY10R/fda147af-4d76-49bb-85a6-5308db8822f0/416x272.jpg => [FAILED] net::ERR_BLOCKED_BY_ORB
[GET] https://static.shared.propertyfinder.bh/media/images/listing/EF4229QMRHYVGB930R0BKPN770/32bbf341-2767-43e0-bdba-c7890584ed5a/416x272.jpg => [FAILED] net::ERR_BLOCKED_BY_ORB
[GET] https://static.shared.propertyfinder.bh/media/images/listing/EF4229QMRHYVGB930R0BKPN770/985bb3e2-f9c1-4154-920f-e9ff7b7f3368/416x272.jpg => [FAILED] net::ERR_BLOCKED_BY_ORB
[GET] https://static.shared.propertyfinder.bh/media/images/listing/KP2EB08XPYXJDT4K0SFWC0X424/ef97e2bf-bb38-400d-b694-599e66112515/416x272.jpg => [FAILED] net::ERR_BLOCKED_BY_ORB
[GET] https://static.shared.propertyfinder.bh/media/images/listing/KP2EB08XPYXJDT4K0SFWC0X424/de3fe89a-383c-4aeb-8b98-d36949a3331f/416x272.jpg => [FAILED] net::ERR_BLOCKED_BY_ORB
[GET] https://static.shared.propertyfinder.bh/media/images/listing/59M2Y3KPE3BGK1K0ME4FVQW4TR/36cdee79-5c41-43e2-808f-886adbce8791/416x272.jpg => [FAILED] net::ERR_BLOCKED_BY_ORB
[GET] https://static.shared.propertyfinder.bh/media/images/listing/59M2Y3KPE3BGK1K0ME4FVQW4TR/cd4bce46-4bde-48d3-bfcb-2ab933044353/416x272.jpg => [FAILED] net::ERR_BLOCKED_BY_ORB
[GET] https://static.shared.propertyfinder.bh/media/images/listing/SPP4TR6060CY7Y1W5WHCQV6M2C/2f838b7f-6ccb-475e-8319-d847d98a7c3c/416x272.jpg => [FAILED] net::ERR_BLOCKED_BY_ORB
[GET] https://static.shared.propertyfinder.bh/media/images/listing/SPP4TR6060CY7Y1W5WHCQV6M2C/6d23d423-e2b6-4a90-bb37-614d3c50db7d/416x272.jpg => [FAILED] net::ERR_BLOCKED_BY_ORB
[GET] https://static.shared.propertyfinder.bh/media/images/client_logos/1265/e0256333-04c9-46d2-8368-47ae6ab0828b/178x98.jpg => [FAILED] net::ERR_BLOCKED_BY_ORB
[GET] https://static.shared.propertyfinder.bh/media/images/listing/HRYJ53B671EQ3915794BD5Y7F0/e98671f8-3698-49a5-89c7-1329f53efda8/668x452.jpg => [FAILED] net::ERR_BLOCKED_BY_ORB
[GET] https://static.shared.propertyfinder.bh/media/images/client_logos/217/4c2921f6-321c-4f99-853c-3cd94a8c733f/178x98.jpg => [FAILED] net::ERR_BLOCKED_BY_ORB
[GET] https://static.shared.propertyfinder.bh/media/images/listing/01KZ2W773BR060HFM3N9E1ATKM/1cedd198-089f-491d-9c8c-f73857bc839e/416x272.jpg => [FAILED] net::ERR_BLOCKED_BY_ORB
[GET] https://static.shared.propertyfinder.bh/media/images/listing/TM298TMF5HFMHA7ECBNQKNZW6M/9def1a53-cf7c-4522-ae8a-a7e4815ff257/416x272.jpg => [FAILED] net::ERR_BLOCKED_BY_ORB
[GET] https://static.shared.propertyfinder.bh/media/images/client_logos/1171/15b6d91b-3736-4705-a91d-f405b938afa0/178x98.jpg => [FAILED] net::ERR_BLOCKED_BY_ORB
[POST] https://www.propertyfinder.bh/sp_events/com.snowplowanalytics.snowplow/tp2 => [200] 
[POST] https://faro-collector-prod-ap-southeast-1.grafana.net/collect/2180091f4adbb7d9a787dc2785d6aef3 => [202] Accepted
[POST] https://faro-collector-prod-ap-southeast-1.grafana.net/collect/2180091f4adbb7d9a787dc2785d6aef3 => [202] Accepted
[POST] https://collect.propertyfinder.bh/propertyfinder/main/2/i.gif => [200] 
[POST] https://faro-collector-prod-ap-southeast-1.grafana.net/collect/2180091f4adbb7d9a787dc2785d6aef3 => [202] Accepted
[POST] https://f0176f629b61.edge.sdk.awswaf.com/f0176f629b61/b230e5f1f267/telemetry => [200] 
[POST] https://www.propertyfinder.bh/sp_events/com.snowplowanalytics.snowplow/tp2 => [200] 
[POST] https://analytics.google.com/g/collect?v=2&tid=G-84KGS44X59&gtm=45je65r2v884905653za200zd884905653&_p=1780214490986&_gaz=1&gcd=13l3l3l3l1l1&npa=0&dma=0&gdid=dYmQxMT&_eu=EAAAAGQ&are=1&cid=180700638.1780214043&frm=0&ir=1&pscdl=noapi&rcb=12&sr=1280x720&uaa=x86&uab=64&uafvl=Chromium%3B148.0.7778.216%7CGoogle%2520Chrome%3B148.0.7778.216%7CNot%252FA)Brand%3B99.0.0.0&uam=&uamb=0&uap=Windows&uapv=19.0.0&uaw=0&ul=en-us&gaf=2&_s=1&tag_exp=0~115616985~115938466~115938469~119034493~119064590&dl=https%3A%2F%2Fwww.propertyfinder.bh%2Fen%2Frent%2Fproperties-for-rent.html&dt=Properties%20for%20rent%20in%20Bahrain%20-%2014%2C091%20Properties%20for%20rent%20%7C%20Property%20Finder%20Bahrain&sid=1780214043&sct=1&seg=1&tfd=1650 => [204] 
[POST] https://faro-collector-prod-ap-southeast-1.grafana.net/collect/2180091f4adbb7d9a787dc2785d6aef3 => [202] Accepted
[POST] https://ams.creativecdn.com/tags/v2?type=json => [200] 
[GET] https://securepubads.g.doubleclick.net/gampad/ads?pvsid=8315551622710689&correlator=2984267158716074&eid=31098501%2C95390964%2C31098798%2C95391758&output=ldjh&gdfp_req=1&vrg=202605260101&ptt=17&impl=fifs&iu_parts=11123073%2CBahrain_Native%2CBahrain_Native2%2CBahrain_Native_3%2CBahrain_Developer_Spotlight_Desktop%2CBahrain_Custom_Billboard_Desktop&enc_prev_ius=%2F0%2F1%2C%2F0%2F2%2C%2F0%2F3%2C%2F0%2F4%2C%2F0%2F5&prev_iu_szs=320x50%2C320x50%2C320x50%2C320x50%2C320x50&fluid=height%2Cheight%2Cheight%2Cheight%2Cheight&ifi=1&dids=Bahrain_Native~Bahrain_Native2~Bahrain_Native_3~Bahrain_Developer_Spotlight_De~Bahrain_Custom_Billboard_Deskt&adfs=159422857~3506550934~1030015254~3369836274~2214956345&sfv=1-0-45&eri=1&sc=1&cookie=ID%3D2f3bcc8d64a537ae%3AT%3D1780214042%3ART%3D1780214424%3AS%3DALNI_MZZ7Pb_buOV7a2PNJHwWNVWm6Z7JA&gpic=UID%3D0000140717b12bc8%3AT%3D1780214042%3ART%3D1780214424%3AS%3DALNI_MZ_iYavcUXAfMGnyy1WplUNV3uKlw&abxe=1&dt=1780214491345&lmt=1780214491&adxs=68%2C68%2C68%2C704%2C68&adys=2960%2C7118%2C9979%2C35%2C2110&biw=1280&bih=720&scr_x=0&scr_y=0&btvi=1%7C2%7C3%7C0%7C4&ucis=1%7C2%7C3%7C4%7C5&oid=2&u_his=15&u_h=720&u_w=1280&u_ah=720&u_aw=1280&u_cd=24&u_sd=1&u_tz=180&dmc=32&bc=31&nvt=7&uach=WyJXaW5kb3dzIiwiMTkuMC4wIiwieDg2IiwiIiwiMTQ4LjAuNzc3OC4yMTYiLG51bGwsMCxudWxsLCI2NCIsW1siQ2hyb21pdW0iLCIxNDguMC43Nzc4LjIxNiJdLFsiR29vZ2xlIENocm9tZSIsIjE0OC4wLjc3NzguMjE2Il0sWyJOb3QvQSlCcmFuZCIsIjk5LjAuMC4wIl1dLDBd&url=https%3A%2F%2Fwww.propertyfinder.bh%2Fen%2Frent%2Fproperties-for-rent.html&vis=1&psz=825x293%7C825x293%7C825x293%7C520x70%7C825x180&msz=825x293%7C825x293%7C825x293%7C440x0%7C825x0&fws=0%2C0%2C0%2C0%2C0&ohw=0%2C0%2C0%2C0%2C0&dlt=1780214489581&idt=1702&cust_params=Language%3Den%26Page_app%3Dsearch%26Page_type%3Dfront_search_results%26Section%3DRENT%26RentPeriod%3DMonthly&adks=2685786138%2C1796052668%2C4143338490%2C2962051157%2C2519929424&frm=20&eo_id_str=ID%3D22ce54cdd9c7174b%3AT%3D1780214042%3ART%3D1780214424%3AS%3DAA-AfjZnuyj1qAnOadX0ZZI3MRrw&pgls=CAk. => [200] 
[POST] https://analytics.google.com/g/collect?v=2&tid=G-84KGS44X59&gtm=45je65r2v884905653za200zd884905653&_p=1780214490986&_gaz=1&gcd=13l3l3l3l1l1&npa=0&dma=0&gdid=dYmQxMT&_eu=EAAAAGQ&are=1&cid=180700638.1780214043&frm=0&ir=1&pscdl=noapi&rcb=12&sr=1280x720&uaa=x86&uab=64&uafvl=Chromium%3B148.0.7778.216%7CGoogle%2520Chrome%3B148.0.7778.216%7CNot%252FA)Brand%3B99.0.0.0&uam=&uamb=0&uap=Windows&uapv=19.0.0&uaw=0&ul=en-us&gaf=2&_s=1&tag_exp=0~115616985~115938466~115938469~119034493~119064590&dl=https%3A%2F%2Fwww.propertyfinder.bh%2Fen%2Frent%2Fproperties-for-rent.html&dt=Properties%20for%20rent%20in%20Bahrain%20-%2014%2C091%20Properties%20for%20rent%20%7C%20Property%20Finder%20Bahrain&sid=1780214043&sct=1&seg=1&tfd=1650 => [204] 
[POST] https://faro-collector-prod-ap-southeast-1.grafana.net/collect/2180091f4adbb7d9a787dc2785d6aef3 => [202] Accepted
[POST] https://www.propertyfinder.bh/sp_events/com.snowplowanalytics.snowplow/tp2 => [200] 
[POST] https://www.google.com/ccm/form-data/989827475?gtm=45be65r2v898877424za200zb884905653zd884905653xec&gcd=13l3l3l3l1l1&dma=0&tag_exp=0~115938466~115938469~116701381~119034493~119064590&rcb=3&did=dYmQxMT&gdid=dYmQxMT&npa=0&frm=0&pscdl=noapi&auid=1308341270.1780214044&uaa=x86&uab=64&uafvl=Chromium%3B148.0.7778.216%7CGoogle%2520Chrome%3B148.0.7778.216%7CNot%252FA)Brand%3B99.0.0.0&uamb=0&uam=&uap=Windows&uapv=19.0.0&uaw=0&ec_mode=c&em=tv.1 => [204] 
[POST] https://www.google.com/rmkt/collect/989827475/?random=1780214491620&cv=11&fst=1780214491620&fmt=8&bg=ffffff&guid=ON&async=1&en=search&gtm=45be65r2v898877424za200zb884905653zd884905653xec&gcd=13l3l3l3l1l1&dma=0&tag_exp=0~115938466~115938469~116701381~119034493~119064590&u_w=1280&u_h=720&url=https%3A%2F%2Fwww.propertyfinder.bh%2Fen%2Frent%2Fproperties-for-rent.html&rcb=3&frm=0&tiba=Properties%20for%20rent%20in%20Bahrain%20-%2014%2C091%20Properties%20for%20rent%20%7C%20Property%20Finder%20Bahrain&did=dYmQxMT&gdid=dYmQxMT&hn=www.googleadservices.com&npa=0&pscdl=noapi&auid=1308341270.1780214044&uaa=x86&uab=64&uafvl=Chromium%3B148.0.7778.216%7CGoogle%2520Chrome%3B148.0.7778.216%7CNot%252FA)Brand%3B99.0.0.0&uamb=0&uam=&uap=Windows&uapv=19.0.0&uaw=0&data=event%3Dsearch&gcp=5 => [200] 
[GET] https://www.googleadservices.com/pagead/conversion/989827475/?random=1780214491630&cv=11&fst=1780214491630&fmt=7&bg=ffffff&guid=ON&async=1&en=CHEQ&gtm=45be65r2v898877424za200zb884905653zd884905653xec&gcd=13l3l3l3l1l1&dma=0&tag_exp=0~115938466~115938469~116701381~119034493~119064590&u_w=1280&u_h=720&url=https%3A%2F%2Fwww.propertyfinder.bh%2Fen%2Frent%2Fproperties-for-rent.html&rcb=3&label=H8JBCLPBm6waEJOj_tcD&capi=1&gtm_ee=1&frm=0&tiba=Properties%20for%20rent%20in%20Bahrain%20-%2014%2C091%20Properties%20for%20rent%20%7C%20Property%20Finder%20Bahrain&did=dYmQxMT&gdid=dYmQxMT&hn=www.googleadservices.com&npa=0&pscdl=noapi&auid=1308341270.1780214044&uaa=x86&uab=64&uafvl=Chromium%3B148.0.7778.216%7CGoogle%2520Chrome%3B148.0.7778.216%7CNot%252FA)Brand%3B99.0.0.0&uamb=0&uam=&uap=Windows&uapv=19.0.0&uaw=0&ec_mode=c&gcl_ctr=10~0~0~0&data=event%3DCHEQ&gap.last_random=1780214444961&gap.last_label=H8JBCLPBm6waEJOj_tcD&category=acrcp_v1_512&em=tv.1 => [200] 
[POST] https://www.google.com/ccm/collect?rcb=3&frm=0&auid=1308341270.1780214044&dt=Properties%20for%20rent%20in%20Bahrain%20-%2014%2C091%20Properties%20for%20rent%20%7C%20Property%20Finder%20Bahrain&en=page_view&dl=https%3A%2F%2Fwww.propertyfinder.bh%2Fen%2Frent%2Fproperties-for-rent.html&scrsrc=www.googletagmanager.com&rnd=943129223.1780214492&navt=n&npa=0&did=dYmQxMT&gdid=dYmQxMT&gtm=45be65r2v898877424za200zb884905653zd884905653xec&gcd=13l3l3l3l1l1&dma=0&tag_exp=0~115938466~115938469~116701381~119034493~119064590&apve=1&apvf=f&apvc=1&tids=AW-820837805~AW-989827475&tid=AW-820837805&tft=1780214491637&tfd=2065 => [200] 
[POST] https://www.google.com/ccm/collect?rcb=3&frm=0&auid=1308341270.1780214044&dt=Properties%20for%20rent%20in%20Bahrain%20-%2014%2C091%20Properties%20for%20rent%20%7C%20Property%20Finder%20Bahrain&en=search&dl=https%3A%2F%2Fwww.propertyfinder.bh%2Fen%2Frent%2Fproperties-for-rent.html&scrsrc=www.googletagmanager.com&rnd=943129223.1780214492&navt=n&npa=0&did=dYmQxMT&gdid=dYmQxMT&gtm=45be65r2v898877424za200zb884905653zd884905653xec&gcd=13l3l3l3l1l1&dma=0&tag_exp=0~115938466~115938469~116701381~119034493~119064590&apve=1&apvf=f&apvc=0&tids=AW-989827475&tid=AW-989827475&tft=1780214491638&tfd=2065 => [200] 
[POST] https://www.propertyfinder.bh/sp_events/com.snowplowanalytics.snowplow/tp2 => [200] 
[POST] https://f0176f629b61.a37ccc95.ap-south-1.token.awswaf.com/f0176f629b61/telemetry => [200] 
[POST] https://obseu.7seasky.com/mon => [200] 
[POST] https://www.google.com/rmkt/collect/989827475/?random=1780214491620&cv=11&fst=1780214491620&fmt=8&bg=ffffff&guid=ON&async=1&en=search&gtm=45be65r2v898877424za200zb884905653zd884905653xec&gcd=13l3l3l3l1l1&dma=0&tag_exp=0~115938466~115938469~116701381~119034493~119064590&u_w=1280&u_h=720&url=https%3A%2F%2Fwww.propertyfinder.bh%2Fen%2Frent%2Fproperties-for-rent.html&rcb=3&frm=0&tiba=Properties%20for%20rent%20in%20Bahrain%20-%2014%2C091%20Properties%20for%20rent%20%7C%20Property%20Finder%20Bahrain&did=dYmQxMT&gdid=dYmQxMT&hn=www.googleadservices.com&npa=0&pscdl=noapi&auid=1308341270.1780214044&uaa=x86&uab=64&uafvl=Chromium%3B148.0.7778.216%7CGoogle%2520Chrome%3B148.0.7778.216%7CNot%252FA)Brand%3B99.0.0.0&uamb=0&uam=&uap=Windows&uapv=19.0.0&uaw=0&data=event%3Dsearch&gcp=5 => [200] 
[POST] https://www.google.com/ccm/collect?rcb=3&frm=0&auid=1308341270.1780214044&dt=Properties%20for%20rent%20in%20Bahrain%20-%2014%2C091%20Properties%20for%20rent%20%7C%20Property%20Finder%20Bahrain&en=page_view&dl=https%3A%2F%2Fwww.propertyfinder.bh%2Fen%2Frent%2Fproperties-for-rent.html&scrsrc=www.googletagmanager.com&rnd=943129223.1780214492&navt=n&npa=0&did=dYmQxMT&gdid=dYmQxMT&gtm=45be65r2v898877424za200zb884905653zd884905653xec&gcd=13l3l3l3l1l1&dma=0&tag_exp=0~115938466~115938469~116701381~119034493~119064590&apve=1&apvf=f&apvc=1&tids=AW-820837805~AW-989827475&tid=AW-820837805&tft=1780214491637&tfd=2065 => [200] 
[POST] https://www.google.com/ccm/collect?rcb=3&frm=0&auid=1308341270.1780214044&dt=Properties%20for%20rent%20in%20Bahrain%20-%2014%2C091%20Properties%20for%20rent%20%7C%20Property%20Finder%20Bahrain&en=search&dl=https%3A%2F%2Fwww.propertyfinder.bh%2Fen%2Frent%2Fproperties-for-rent.html&scrsrc=www.googletagmanager.com&rnd=943129223.1780214492&navt=n&npa=0&did=dYmQxMT&gdid=dYmQxMT&gtm=45be65r2v898877424za200zb884905653zd884905653xec&gcd=13l3l3l3l1l1&dma=0&tag_exp=0~115938466~115938469~116701381~119034493~119064590&apve=1&apvf=f&apvc=0&tids=AW-989827475&tid=AW-989827475&tft=1780214491638&tfd=2065 => [200] 
[POST] https://www.google.com/ccm/form-data/989827475?gtm=45be65r2v898877424za200zb884905653zd884905653xec&gcd=13l3l3l3l1l1&dma=0&tag_exp=0~115938466~115938469~116701381~119034493~119064590&rcb=3&did=dYmQxMT&gdid=dYmQxMT&npa=0&frm=0&pscdl=noapi&auid=1308341270.1780214044&uaa=x86&uab=64&uafvl=Chromium%3B148.0.7778.216%7CGoogle%2520Chrome%3B148.0.7778.216%7CNot%252FA)Brand%3B99.0.0.0&uamb=0&uam=&uap=Windows&uapv=19.0.0&uaw=0&ec_mode=c&em=tv.1 => [204] 
[POST] https://e.clarity.ms/collect => [204] No Content
[GET] https://securepubads.g.doubleclick.net/pcs/view?xai=AKAOjsvBAOljyyXjc425BQ0zZH5kVdp2c5JOqY4hsCWWFEs5edWRfIav0WR9JuLl9TEPpbgbgKkTMdyUnUMcmg-X4AIQ7zXgK0IPMwqSvqs9_9QOt6OAma72bMLdoNGMc2Mcpa2Gmtk9cxS1CB4aHvaActdgUsS1nLrtEOCiQ3T-5BpljBy_CuqIGFGhEBW6J4yR_KTSfB_83CRVNvW7yKoOjuzCX9DdNwzjIqstBjcEElApK4hf7Trbe36N8lM-vpQRNWlY3aEtFeQvt7mO6QC0jqxlpvuTAAt-eqSiVZF3J8qybqW1Z_ZhfaQnjAQDEvE1Shqz3zVwRW20em3nmcaSDuMDiQ0cYGZQSG8wSZaVwUT43yrvxcFiE4h2OS80GnGUZEO4GKRlHKS_IGUc_C4UdV_TYt1c5N43c26Qynw&sai=AMfl-YQUw745rZFNaXWjXN65plFUmvmAd7cSnOIYYMTHEnd_wkc-r-C2VYgsFJBdZ193rOpBt4p-CgNAp_CHD66HBZPug-hw7ixwnYW7mM_6rNVIIIPmyDGNL66rf3cLewD5S1ClzS55hewpRhEBX1clikvsPVWoqflcLqKeJJA8AlMEc_HtNCwnbsUJXBVNoDBbWajl6abzgd7kGOoLzVg89Qjwnyh_4teXL4u4Jl144Iv6ftLwqW25r1GCwyojqaotv0J1jK82RCo19nQxFrL5FEpGDC0DgsqfeRFo7IHOUDIQsR47T8P4FFkfNpxXR3QkAQrgssN6BMmw_gphPOIkwyzKTb_PzT_X2ejkUSa2npANzmZuMi7Gqg&sig=Cg0ArKJSzOVFtbch0L4QEAE&uach_m=%5BUACH%5D&urlfix=1&adurl= => [200] 
[GET] https://securepubads.g.doubleclick.net/pcs/view?xai=AKAOjsvsEmNnFCWqDPkXxHzHbMfa0j1bukQfm3L3qXaVB7-04GG0lID0azM1HOnPwD0fvDgOCJJzXCfDVBmdwRBThMIG1TBNRONqN7NDqTmdRWQOKkHD54chcLJsf7RgXCIDZUMQHMrelt-39JMpwhPLZQP2VJ81GOiHCzahMQ28ycbphH8Uor516PJRoBzrifc5RJgWQz7Dv5rAZnTj2-1dSWr2YYKtpkFvaLVJPyzSi11vkyfKY5_LglG0MnXO5kW-RauLQdsPyWuG_3N8NcDu2rKw6Xt9y5x-GGRTDJ8K_F0ywgWDAz2GHF05RKkC7YkAC6G6i6i4BnebnuizU95WqMXJ0fMdZk7FdgzBssIviDO04oV1anFCN8tIi_gWqIU9YtsPb3kecDNYEFQlGIE3CKNNj4LmaOVBuYU1t9PX&sai=AMfl-YTP22fnFJIObDIibiw1fIiC6l-86uwcZeyMdoZKvlVc06NE04hNq807GQEWWW3NxueGq4bWyiu5EEs2sceiNRywFHJM_OpKzAQ8I3LDGZHpxo_LkzSSS1Lqb0mE28GpI8SmGDE2N5WTopCKsEM-MVBh-CFvVt03-9TgyQsnNpj18qdm5HAbuY848kgL_GGAF-Pp8sPlMKIvMKFmesIwhNN0rxzYl7p1KtQdvkYVGhrdAtyWpahgQ9ZY9Pk2LKSFVed45vb9JbT5aL2w6TTBtjGEJOe6wye_wSkVhQBnVU75s-hbXx3CSFBQfL6qzTEfh_92StGb-5O4ibdj8yIpGJV7x8lNtNe2EZQJJbFnr6gyhkLD5x6f4w&sig=Cg0ArKJSzHHHgMClsEljEAE&uach_m=%5BUACH%5D&urlfix=1&adurl= => [200] 
[GET] https://securepubads.g.doubleclick.net/pcs/view?xai=AKAOjssPRDC5t-NGfW-vZtrE0AjcJfbjDVcqbo0ztAXFeQmq0q4qp0G4BMIKNyKrvomb2esYres2xLIjQR5q4Z1L7UirvkWh59ARrFn63cxqcEGF30OBwi030CAAmko2trBlOQlDMzN7sHPThRIhbD6dv9l_Y4o262j5Jgk7vVA-tA_vtBC821rW8Y6OJzPvP6NgZMFUASOhrE15UMkkiamiQdTF_nWS9uPXhN5CyChnQxpW3nU_gQmF_QbDA1NH9sVu_zVV7Da8Y7Wz2zK6DPqlswn8Lunvt2LBfoC0tEXBwNCrbmYB9QsZrNM9XRCKO5OIPeY3KZpMfQzv78tbHWoIIfnvq7vCd3We08A7DY0DDgulvJwzaX9DvH4PaxI4wUVdR9ddttIHHGhFQ-xOMf3ieF09ZoItX8AT66MFPZudlA&sai=AMfl-YQ6wBSdCkkMTIoQrZ_ZoeKR-QV2pfFzocoibLsxwiNf_xMcVfVQxVPwCkIk1sDLyjrHhqjcn8i_Dga7eEZ1cBMquvfNfc4_glG4e2FwE9lcM8BmFYwuV7X8UTbpoi3dDruiL3m_-UighAKdT2WqfWzQORcDM8O-akV7_vPSKuHNEZkjFd9J-EifHb9VChzf5kfkI6CmklQl-qznZ1latOTxsAKqrd3dhOFxmhe3jC2r0_j7h9-NWcQIIN0-1Ikd8_g7wdrVO1l-2dnxZ1RRnYhaGDXippxTDzNGEHH-z1TliuHaJxe8DdRiFHP7DL0wQo-1s91LXJLElC2fO0ivCtQDAMCX17AYef9oHVHTZOobagZVT2w5Jg&sig=Cg0ArKJSzBtMpU9AgQ-_EAE&uach_m=%5BUACH%5D&urlfix=1&adurl= => [200] 
[GET] https://securepubads.g.doubleclick.net/pcs/view?xai=AKAOjssy1-ZufxUgnLJ4pZ-Mby6baPhif9Az_V-5VpC60-vWdUMeryKyYo_Y7T480I9vnA3XaImNequT_nc0DjXhWU9zaDmJZN4t8u1-yDuQcl7t_6cuCE-x29008y9EZUrgUeda4400r8IYvIZn21zvQcjZom-cTFmnsA0tIlrb8aVYsQ_m3rWkM-cf5NlrcWrwzDbSrNhiEVlaYAKg6R3LaLPyH9VogVcpfWxYc0u8lXR1qhdAHfrsLjjVGkK4mejUT_w3Tu2pKCQZDeQEZvAhFU3uNh9aWlshM6G_viI04M9QRf-bh4reEQRsW-ChS3sAzUFgpqCAz9lDXy7RAVOwT7jZP_xteR2K2hiDmun9P7kwiGl-wK4rKMXVppW93D7F1UDHzfZAo2OKa6eUd46AmeBWEEZ1bISCJ81NIcY5A1mDfwtZLiIAiR7JKWr34Qc&sai=AMfl-YQY0bVcY8oDo97a7ihj3CvjGmCVJTYeh8KKs1911pNoV0vj_Vv_WVnTFouMLfj6192UeLMc78Orwj0E_iWkJWZdaV9agdVSzUEqXykEv-t5Al2k0XmnizTfKgY_YW7YQYF7xDFsINu_0iO5rYOASrwrpMmfRxchspOoY4C8vkLcTqmhJwgz4vTsgrM7sgG0qi1iYJZRL7xzWF0-Fv7ojcH5Z_ZwgyttMtjOchEloPmxPWoJoYYT8IlogmYMdSjNiehNXiA5SQVwyWPxkJa12uuqhi7cAvWHR44EWN-_1tN25aUHo8g8r1wFBdGicOeuZ4-JS3EnUKX8yLeaHkYoPF1ZgQ9CpaVXIkUSSeIkbWXFcU32XcGqEg&sig=Cg0ArKJSzDOADPyh_6t_EAE&uach_m=%5BUACH%5D&urlfix=1&adurl= => [200] 
[GET] https://pagead2.googlesyndication.com/pagead/gen_204?id=av-js&type=fle-fetch-start2 => [204] 
[GET] https://pagead2.googlesyndication.com/pagead/gen_204?id=av-js&type=colleague-executed&name=4 => [204] 
[POST] https://obseu.7seasky.com/mon => [200] 
[POST] https://f0176f629b61.edge.sdk.awswaf.com/f0176f629b61/b230e5f1f267/telemetry => [200] 
[POST] https://googleads.g.doubleclick.net/pagead/viewthroughconversion/989827475/?random=1012367072&cv=11&fst=1780214491630&fmt=8&bg=ffffff&guid=ON&async=1&en=CHEQ&gtm=45be65r2v898877424za200zb884905653zd884905653xec&gcd=13l3l3l3l1l1&dma=0&tag_exp=0~115938466~115938469~116701381~119034493~119064590&u_w=1280&u_h=720&url=https%3A%2F%2Fwww.propertyfinder.bh%2Fen%2Frent%2Fproperties-for-rent.html&rcb=3&label=H8JBCLPBm6waEJOj_tcD&capi=1&gtm_ee=1&frm=0&tiba=Properties%20for%20rent%20in%20Bahrain%20-%2014%2C091%20Properties%20for%20rent%20%7C%20Property%20Finder%20Bahrain&did=dYmQxMT&gdid=dYmQxMT&hn=www.googleadservices.com&npa=0&pscdl=noapi&auid=1308341270.1780214044&uaa=x86&uab=64&uafvl=Chromium%3B148.0.7778.216%7CGoogle%2520Chrome%3B148.0.7778.216%7CNot%252FA)Brand%3B99.0.0.0&uamb=0&uam=&uap=Windows&uapv=19.0.0&uaw=0&ec_mode=c&gcl_ctr=10~0~0~0&data=event%3DCHEQ&gap.last_random=1780214444961&gap.last_label=H8JBCLPBm6waEJOj_tcD&category=acrcp_v1_512&em=tv.1&ct_cookie_present=false&crd=CLTesQII8t-xAgit4bECCKG4sQIIscGxAgiwwbECCLHDsQIIisWxAgjCybECCLTGsQIIk9qxAgjb3LECCIfbsQII08WxAgjrzLECCO3OsQII1c-xAgj02rECCJfUsQIIyduxAgix4bECCLPhsQIIpt2xAgiw3rECCIDbsQJKMG5vdC1ldmVudC1zb3VyY2UsIG5vdC1uYXZpZ2F0aW9uLXNvdXJjZSwgdHJpZ2dlcloDCgEBYgMKAQM&cerd=CgEA&fsk=ChEI8Ljv0AYQxpyX0r-58p2aARIsAD0q2WVNIPRNo2fGQPy2G9gv4kLtFvQXNa1VjI_val9FauLlsCFB07M8900aArjh&pscrd=IhMIgeGz44fjlAMVfk72CB3cjx2uOj5odHRwczovL3d3dy5wcm9wZXJ0eWZpbmRlci5iaC9lbi9yZW50L3Byb3BlcnRpZXMtZm9yLXJlbnQuaHRtbEJXQ2hFSThManYwQVlRc3FtdHZldVd1NEw1QVJJc0FJeVpIR2tmZ1ExYlZIN1RzRnZOYTJUU3pfT3Y0NzRUMFplZ1BMRlpIWEJkZXYxUEFfd2RjcTVBdnE0egwICWIICAAQABgAIAA => [302] 
[POST] https://www.propertyfinder.bh/sp_events/com.snowplowanalytics.snowplow/tp2 => [200] 
[GET] https://pagead2.googlesyndication.com/pagead/gen_204?id=av-js&type=fle-fetch-start2 => [204] 
[GET] https://pagead2.googlesyndication.com/pagead/gen_204?id=av-js&type=colleague-executed&name=4 => [204] 
[GET] https://pagead2.googlesyndication.com/pagead/gen_204?id=av-js&type=fle-fetch-start2 => [204] 
[GET] https://pagead2.googlesyndication.com/pagead/gen_204?id=av-js&type=colleague-executed&name=4 => [204] 
[GET] https://securepubads.g.doubleclick.net/pcs/view?xai=AKAOjsukCVovhMaSrcCZJpVShbiKEBUitFymXOskfa515XCGT6up4l4NoqPEux3sLO9-Pj0xtaRaBSilKhAN2cJNsDh2-VG2P6-tvnkNZmsT496l4hCQlgnvj6yPX3VABLFYcchakR55SyV1LK1_ovRu5tNJw9xKhtjzA6ZUCexrltPepQiFFKKxt8O6FBbG0j1TXRrMRyOlXBmiWGV911M2xIV3kU5rijsZT2Dx12J_Lda6cMfxzFlB-hftt8QnN06LRPpH83lkwdYoO21E-9Om_mKPSmNyrIPFr-KOPXuXetTzZxTuT7jUbbNNRM88maVqClNjFvzMpsoTONrujhEvVJcApXYyf0nCAgFuVho-BipU4bQedfawpd-95sRee0JbbVJ9MwToqZlBkjrgVHyxMwdWBhQy5zB9MvRBwcdD93s&sai=AMfl-YTVa9zOBRlu0YKMMmWdRSSl3Ydazl_53INSVaukNje8m_Gm93UFFT_nEbU4icTeMZ2XHfov9PyZRUJuornOUThPWALVtSgqGIjspWiyqLuYPOeEyRyt2YK8GnTls8IE01O3NAVXBi-jUbTuAz1Eglu_D0Pwtfb7NE07BDsCPQ4otvOzGmWvUnso9_uw2lzj0unC7YMIrvjWwQyiA86k3nGBg9WsSDlrywbhbDyTbaflj2Nl1BjlwBQoBLKZQ1hgfxtbVn1iqcZXbPruKmVA214Pe6DR9adzd905ORyv8_IFrsHPaRzGg2p9W7g2zHMxdpW_8pSTab5GHxEnsN-OoILMhyDwBlwSObNnaF6y7eJ_4KoNTiavWQ&sig=Cg0ArKJSzNW-9UfFFNI7EAE&uach_m=%5BUACH%5D&urlfix=1&dett=2&adurl= => [200] 
[GET] https://securepubads.g.doubleclick.net/pcs/view?xai=AKAOjstbQZCL58fqwvDaT4r76jGPEY-lMUAOVCfZZLnqNt7BvLvtxRLImCHiWLuqvSIOuju478OD_ys2qklQJdfnxMt7358rMwStOrWOlFiM_23za69DgxPm52Edzqz9rcb4ll-cWg71hmcmwGNMoU-Dfbt9V74Npl8AAKm3GhGZm8YY-rgtkEiXyrsrGry6FP4YtOvef594ylKvWHDm4B9zMqa5Y0u7CFD4QRPjMRDweW83FGIUGVdlSQWMqwcn7WljgD4z6F6w-znIDMY3eZn4TMizyeGPhc03FUJEhM966I-j9F1dTWYYJRXv-iQ50dlxgyS-gVO8cSFb-idHJ10MQcU1XUyBVHJJSxm_RjKb4TbSnHCRDS_oUR-SfzJn4ASQ_sLEXoBZ8MP_L_7HJQtTZRe_JcY-hvc3UYPbXYTq9dr1&sai=AMfl-YQvxnmJq7g3UubVIfJ7yQlvpiTYZPMhs2nK96jNCMGxNfMxKmvrmufUcczJIurRmEatgnH9jcyeE45kiRcnpoELZmcUi-Yg09HWBESqTJK0GS9BsK-LfKulsIiF-kGouJhaeau-Lnm17QU2NRrxeMCLuyf5K09vhx3QJebHIglWJjHcToRFnC5VcIPF8E6nDIcei4aDEfGDCCb1RW-ckKCqIYYGoCWWjOn6BkpT_VYX5gcHjY-FScEg4kLA1dhcFyhzcb9_3d_-vrJRQV9tccS0h_pWBANy-yo0JIEoF4nJ4bc5k-Jm2Ziy0IvmZZNAEj_ou4cYhaoNSwHKJqJgGAQlVOoCPlCrVpsDQXr56R5EnvHBaR3CJA&sig=Cg0ArKJSzNQd4cHxtdxOEAE&uach_m=%5BUACH%5D&urlfix=1&dett=2&adurl= => [200] 
[GET] https://securepubads.g.doubleclick.net/pcs/view?xai=AKAOjsubmVh1XZzeKrVEDA5x-PjeOuAU75u1wFMyLkrVF36wIGTjAiQ_xXGKiOma61c7fCIv5XwE8ECA_vJxRZuYljhGSH9JDSmzsE4Xb-l06Z8NMI5AxZ3oOnvZaEiCZ_SLlHMu-kFoFK10F867cxCToiL2tUJmlCzy8fymdWHdV7Z-r_J-8pd6oN2z896jOFoPPF8uQyvqCTBWrnshRcYeU5KUidy1hM2C1xdHHgCRuCaAcCx_9JRPG_LCfhrqG3COcaU_9g4w-DtOeuWwILqFwpe7PgeL34pgBSYs9zFsENBWARWi8fCgvS6ZdHBbHAQepvPgCPO21FyMybPMFO0BKTFV4rn1GdYi9F3omF-RQH3P3S_dDIrykI8ed7vP9FPE70qT7PEdxULeYASCZJuKssyjB9nPgTK4dsfwa3WNnA&sai=AMfl-YQdEWtK6kaBFVF4Q75npq4G5EvRKwA0lQCh418mxPHmMwe3TDG_t0QW0OX-pT5oKiOJCU5ObBf1dLcwAchb9qNS4ciHSycQE2QChTF0zPtZsIAvTVNWdsXzzfLGEQ5Z1nGf5UhodOPm7tyhlG9FOC0H79nBXhGGmNY4rlrmw5armhQpB7RMM2C2PnWPjQ1s7ivACYqe0D-FRO4Rt3J0Op7n00IM-xF4hPHNBJhcNNBIhbwkLT33KpDaHya-Ht9KqURgY4_zIXagG7wdrib0Pqr0nudp8dkHJy2_id-TJJUDWSH_zWcddTCfBwghGavK-oERAMIcd0IYKwG6T2JbsDMBATtINVoGSqIxbvNskXYREbEH_ulKZg&sig=Cg0ArKJSzGGkG_j5k-3CEAE&uach_m=%5BUACH%5D&urlfix=1&dett=2&adurl= => [200] 
[GET] https://pagead2.googlesyndication.com/pagead/gen_204?id=av-js&type=fle-fetch-start2 => [204] 
[GET] https://pagead2.googlesyndication.com/pagead/gen_204?id=av-js&type=colleague-executed&name=4 => [204] 
[GET] https://securepubads.g.doubleclick.net/pcs/view?xai=AKAOjssjEyZVlm1Y85fUwWgHsGq3chRq3aaUbUSqIlkoiVQS2p8cINQ5bPZB5r3cXo24r6oASPaIgw2_kY5BwKzJxAjojpa0Jm5vZUWWRCYYDxSqbRanqnfnVU2Zb_XHQmbqXgHxd8q0SwNBo2HYgXRCvFx6UPBj5yzTPJpPTmWEZidn9uKR-q_k0mGhY79P6sQve8gRJG59A1PzsfSRFwDOpT-_DfMihmV6MMYBbIOcV_2bDjB7n4Oq8gBAhFo0_V4tfoXXQoUyTAleBNzBhX3lWIrDYHUtJ7SkmtMRetQmhB0bvRIWdVJMPGEKPIv47gQicJZ2ZJXTZm63wIH9goUUSP_SG9T8JI3KOI4OL7Jrymim3dNxaydPkpI9zjXzRJc34sIuwz1sTshwBYDOIoEuX3n7JVZt6yQGR2q1WLXKrivlLZh2sd0nv4DNX_7Bt9Gnog&sai=AMfl-YSZln_cyy6zVxa7CONuJO0O3h_EDIJ7q63Z7Eyro5ra3b1_-fxzcqzEynBDh8y3uNUlVCUnk4DVyiN0hhJVgr13IBq5FL1F2qTf91x1aVVCkgu5MCulXtGtv48-hQg4wIxeeNxx6J44kzQDhx5hhllrvhnbdSIQMcQUCZx3Q6Qsj6tHtS9TKJvU3jOtcUt0Oi2EOp1WrqZmWwj-xHTN7oAAlEY45WsZTgRoYn2-ANw_iqWhFBCb2UI0RCwH7CJJ7ydNgE-ryKI3thmV_V2RULdIGlAvrH35h6vRI2Byl-WQ_zLaR0buFPpVs3L_uHmD6pdz6PogkPSNOFDegbK2zndoe5ibguQYeCJUiRqdXq6qzqIhndIzmQ&sig=Cg0ArKJSzHt1iVXVsOPmEAE&uach_m=%5BUACH%5D&urlfix=1&dett=2&adurl= => [200] 
[GET] https://pagead2.googlesyndication.com/pagead/gen_204?id=av-js&type=fle-fetch-start2 => [204] 
[GET] https://pagead2.googlesyndication.com/pagead/gen_204?id=av-js&type=colleague-executed&name=4 => [204] 
[GET] https://securepubads.g.doubleclick.net/pcs/view?xai=AKAOjsvsEmNnFCWqDPkXxHzHbMfa0j1bukQfm3L3qXaVB7-04GG0lID0azM1HOnPwD0fvDgOCJJzXCfDVBmdwRBThMIG1TBNRONqN7NDqTmdRWQOKkHD54chcLJsf7RgXCIDZUMQHMrelt-39JMpwhPLZQP2VJ81GOiHCzahMQ28ycbphH8Uor516PJRoBzrifc5RJgWQz7Dv5rAZnTj2-1dSWr2YYKtpkFvaLVJPyzSi11vkyfKY5_LglG0MnXO5kW-RauLQdsPyWuG_3N8NcDu2rKw6Xt9y5x-GGRTDJ8K_F0ywgWDAz2GHF05RKkC7YkAC6G6i6i4BnebnuizU95WqMXJ0fMdZk7FdgzBssIviDO04oV1anFCN8tIi_gWqIU9YtsPb3kecDNYEFQlGIE3CKNNj4LmaOVBuYU1t9PX&sai=AMfl-YTP22fnFJIObDIibiw1fIiC6l-86uwcZeyMdoZKvlVc06NE04hNq807GQEWWW3NxueGq4bWyiu5EEs2sceiNRywFHJM_OpKzAQ8I3LDGZHpxo_LkzSSS1Lqb0mE28GpI8SmGDE2N5WTopCKsEM-MVBh-CFvVt03-9TgyQsnNpj18qdm5HAbuY848kgL_GGAF-Pp8sPlMKIvMKFmesIwhNN0rxzYl7p1KtQdvkYVGhrdAtyWpahgQ9ZY9Pk2LKSFVed45vb9JbT5aL2w6TTBtjGEJOe6wye_wSkVhQBnVU75s-hbXx3CSFBQfL6qzTEfh_92StGb-5O4ibdj8yIpGJV7x8lNtNe2EZQJJbFnr6gyhkLD5x6f4w&sig=Cg0ArKJSzHHHgMClsEljEAE&uach_m=%5BUACH%5D&urlfix=1&adurl= => [200] 
[GET] https://securepubads.g.doubleclick.net/pcs/view?xai=AKAOjssPRDC5t-NGfW-vZtrE0AjcJfbjDVcqbo0ztAXFeQmq0q4qp0G4BMIKNyKrvomb2esYres2xLIjQR5q4Z1L7UirvkWh59ARrFn63cxqcEGF30OBwi030CAAmko2trBlOQlDMzN7sHPThRIhbD6dv9l_Y4o262j5Jgk7vVA-tA_vtBC821rW8Y6OJzPvP6NgZMFUASOhrE15UMkkiamiQdTF_nWS9uPXhN5CyChnQxpW3nU_gQmF_QbDA1NH9sVu_zVV7Da8Y7Wz2zK6DPqlswn8Lunvt2LBfoC0tEXBwNCrbmYB9QsZrNM9XRCKO5OIPeY3KZpMfQzv78tbHWoIIfnvq7vCd3We08A7DY0DDgulvJwzaX9DvH4PaxI4wUVdR9ddttIHHGhFQ-xOMf3ieF09ZoItX8AT66MFPZudlA&sai=AMfl-YQ6wBSdCkkMTIoQrZ_ZoeKR-QV2pfFzocoibLsxwiNf_xMcVfVQxVPwCkIk1sDLyjrHhqjcn8i_Dga7eEZ1cBMquvfNfc4_glG4e2FwE9lcM8BmFYwuV7X8UTbpoi3dDruiL3m_-UighAKdT2WqfWzQORcDM8O-akV7_vPSKuHNEZkjFd9J-EifHb9VChzf5kfkI6CmklQl-qznZ1latOTxsAKqrd3dhOFxmhe3jC2r0_j7h9-NWcQIIN0-1Ikd8_g7wdrVO1l-2dnxZ1RRnYhaGDXippxTDzNGEHH-z1TliuHaJxe8DdRiFHP7DL0wQo-1s91LXJLElC2fO0ivCtQDAMCX17AYef9oHVHTZOobagZVT2w5Jg&sig=Cg0ArKJSzBtMpU9AgQ-_EAE&uach_m=%5BUACH%5D&urlfix=1&adurl= => [200] 
[GET] https://securepubads.g.doubleclick.net/pcs/view?xai=AKAOjssy1-ZufxUgnLJ4pZ-Mby6baPhif9Az_V-5VpC60-vWdUMeryKyYo_Y7T480I9vnA3XaImNequT_nc0DjXhWU9zaDmJZN4t8u1-yDuQcl7t_6cuCE-x29008y9EZUrgUeda4400r8IYvIZn21zvQcjZom-cTFmnsA0tIlrb8aVYsQ_m3rWkM-cf5NlrcWrwzDbSrNhiEVlaYAKg6R3LaLPyH9VogVcpfWxYc0u8lXR1qhdAHfrsLjjVGkK4mejUT_w3Tu2pKCQZDeQEZvAhFU3uNh9aWlshM6G_viI04M9QRf-bh4reEQRsW-ChS3sAzUFgpqCAz9lDXy7RAVOwT7jZP_xteR2K2hiDmun9P7kwiGl-wK4rKMXVppW93D7F1UDHzfZAo2OKa6eUd46AmeBWEEZ1bISCJ81NIcY5A1mDfwtZLiIAiR7JKWr34Qc&sai=AMfl-YQY0bVcY8oDo97a7ihj3CvjGmCVJTYeh8KKs1911pNoV0vj_Vv_WVnTFouMLfj6192UeLMc78Orwj0E_iWkJWZdaV9agdVSzUEqXykEv-t5Al2k0XmnizTfKgY_YW7YQYF7xDFsINu_0iO5rYOASrwrpMmfRxchspOoY4C8vkLcTqmhJwgz4vTsgrM7sgG0qi1iYJZRL7xzWF0-Fv7ojcH5Z_ZwgyttMtjOchEloPmxPWoJoYYT8IlogmYMdSjNiehNXiA5SQVwyWPxkJa12uuqhi7cAvWHR44EWN-_1tN25aUHo8g8r1wFBdGicOeuZ4-JS3EnUKX8yLeaHkYoPF1ZgQ9CpaVXIkUSSeIkbWXFcU32XcGqEg&sig=Cg0ArKJSzDOADPyh_6t_EAE&uach_m=%5BUACH%5D&urlfix=1&adurl= => [200] 
[GET] https://securepubads.g.doubleclick.net/pcs/view?xai=AKAOjsubmVh1XZzeKrVEDA5x-PjeOuAU75u1wFMyLkrVF36wIGTjAiQ_xXGKiOma61c7fCIv5XwE8ECA_vJxRZuYljhGSH9JDSmzsE4Xb-l06Z8NMI5AxZ3oOnvZaEiCZ_SLlHMu-kFoFK10F867cxCToiL2tUJmlCzy8fymdWHdV7Z-r_J-8pd6oN2z896jOFoPPF8uQyvqCTBWrnshRcYeU5KUidy1hM2C1xdHHgCRuCaAcCx_9JRPG_LCfhrqG3COcaU_9g4w-DtOeuWwILqFwpe7PgeL34pgBSYs9zFsENBWARWi8fCgvS6ZdHBbHAQepvPgCPO21FyMybPMFO0BKTFV4rn1GdYi9F3omF-RQH3P3S_dDIrykI8ed7vP9FPE70qT7PEdxULeYASCZJuKssyjB9nPgTK4dsfwa3WNnA&sai=AMfl-YQdEWtK6kaBFVF4Q75npq4G5EvRKwA0lQCh418mxPHmMwe3TDG_t0QW0OX-pT5oKiOJCU5ObBf1dLcwAchb9qNS4ciHSycQE2QChTF0zPtZsIAvTVNWdsXzzfLGEQ5Z1nGf5UhodOPm7tyhlG9FOC0H79nBXhGGmNY4rlrmw5armhQpB7RMM2C2PnWPjQ1s7ivACYqe0D-FRO4Rt3J0Op7n00IM-xF4hPHNBJhcNNBIhbwkLT33KpDaHya-Ht9KqURgY4_zIXagG7wdrib0Pqr0nudp8dkHJy2_id-TJJUDWSH_zWcddTCfBwghGavK-oERAMIcd0IYKwG6T2JbsDMBATtINVoGSqIxbvNskXYREbEH_ulKZg&sig=Cg0ArKJSzGGkG_j5k-3CEAE&uach_m=%5BUACH%5D&urlfix=1&dett=2&adurl= => [200] 
[GET] https://securepubads.g.doubleclick.net/pcs/view?xai=AKAOjstbQZCL58fqwvDaT4r76jGPEY-lMUAOVCfZZLnqNt7BvLvtxRLImCHiWLuqvSIOuju478OD_ys2qklQJdfnxMt7358rMwStOrWOlFiM_23za69DgxPm52Edzqz9rcb4ll-cWg71hmcmwGNMoU-Dfbt9V74Npl8AAKm3GhGZm8YY-rgtkEiXyrsrGry6FP4YtOvef594ylKvWHDm4B9zMqa5Y0u7CFD4QRPjMRDweW83FGIUGVdlSQWMqwcn7WljgD4z6F6w-znIDMY3eZn4TMizyeGPhc03FUJEhM966I-j9F1dTWYYJRXv-iQ50dlxgyS-gVO8cSFb-idHJ10MQcU1XUyBVHJJSxm_RjKb4TbSnHCRDS_oUR-SfzJn4ASQ_sLEXoBZ8MP_L_7HJQtTZRe_JcY-hvc3UYPbXYTq9dr1&sai=AMfl-YQvxnmJq7g3UubVIfJ7yQlvpiTYZPMhs2nK96jNCMGxNfMxKmvrmufUcczJIurRmEatgnH9jcyeE45kiRcnpoELZmcUi-Yg09HWBESqTJK0GS9BsK-LfKulsIiF-kGouJhaeau-Lnm17QU2NRrxeMCLuyf5K09vhx3QJebHIglWJjHcToRFnC5VcIPF8E6nDIcei4aDEfGDCCb1RW-ckKCqIYYGoCWWjOn6BkpT_VYX5gcHjY-FScEg4kLA1dhcFyhzcb9_3d_-vrJRQV9tccS0h_pWBANy-yo0JIEoF4nJ4bc5k-Jm2Ziy0IvmZZNAEj_ou4cYhaoNSwHKJqJgGAQlVOoCPlCrVpsDQXr56R5EnvHBaR3CJA&sig=Cg0ArKJSzNQd4cHxtdxOEAE&uach_m=%5BUACH%5D&urlfix=1&dett=2&adurl= => [200] 
[GET] https://securepubads.g.doubleclick.net/pcs/view?xai=AKAOjsvBAOljyyXjc425BQ0zZH5kVdp2c5JOqY4hsCWWFEs5edWRfIav0WR9JuLl9TEPpbgbgKkTMdyUnUMcmg-X4AIQ7zXgK0IPMwqSvqs9_9QOt6OAma72bMLdoNGMc2Mcpa2Gmtk9cxS1CB4aHvaActdgUsS1nLrtEOCiQ3T-5BpljBy_CuqIGFGhEBW6J4yR_KTSfB_83CRVNvW7yKoOjuzCX9DdNwzjIqstBjcEElApK4hf7Trbe36N8lM-vpQRNWlY3aEtFeQvt7mO6QC0jqxlpvuTAAt-eqSiVZF3J8qybqW1Z_ZhfaQnjAQDEvE1Shqz3zVwRW20em3nmcaSDuMDiQ0cYGZQSG8wSZaVwUT43yrvxcFiE4h2OS80GnGUZEO4GKRlHKS_IGUc_C4UdV_TYt1c5N43c26Qynw&sai=AMfl-YQUw745rZFNaXWjXN65plFUmvmAd7cSnOIYYMTHEnd_wkc-r-C2VYgsFJBdZ193rOpBt4p-CgNAp_CHD66HBZPug-hw7ixwnYW7mM_6rNVIIIPmyDGNL66rf3cLewD5S1ClzS55hewpRhEBX1clikvsPVWoqflcLqKeJJA8AlMEc_HtNCwnbsUJXBVNoDBbWajl6abzgd7kGOoLzVg89Qjwnyh_4teXL4u4Jl144Iv6ftLwqW25r1GCwyojqaotv0J1jK82RCo19nQxFrL5FEpGDC0DgsqfeRFo7IHOUDIQsR47T8P4FFkfNpxXR3QkAQrgssN6BMmw_gphPOIkwyzKTb_PzT_X2ejkUSa2npANzmZuMi7Gqg&sig=Cg0ArKJSzOVFtbch0L4QEAE&uach_m=%5BUACH%5D&urlfix=1&adurl= => [200] 
[GET] https://securepubads.g.doubleclick.net/pcs/view?xai=AKAOjsukCVovhMaSrcCZJpVShbiKEBUitFymXOskfa515XCGT6up4l4NoqPEux3sLO9-Pj0xtaRaBSilKhAN2cJNsDh2-VG2P6-tvnkNZmsT496l4hCQlgnvj6yPX3VABLFYcchakR55SyV1LK1_ovRu5tNJw9xKhtjzA6ZUCexrltPepQiFFKKxt8O6FBbG0j1TXRrMRyOlXBmiWGV911M2xIV3kU5rijsZT2Dx12J_Lda6cMfxzFlB-hftt8QnN06LRPpH83lkwdYoO21E-9Om_mKPSmNyrIPFr-KOPXuXetTzZxTuT7jUbbNNRM88maVqClNjFvzMpsoTONrujhEvVJcApXYyf0nCAgFuVho-BipU4bQedfawpd-95sRee0JbbVJ9MwToqZlBkjrgVHyxMwdWBhQy5zB9MvRBwcdD93s&sai=AMfl-YTVa9zOBRlu0YKMMmWdRSSl3Ydazl_53INSVaukNje8m_Gm93UFFT_nEbU4icTeMZ2XHfov9PyZRUJuornOUThPWALVtSgqGIjspWiyqLuYPOeEyRyt2YK8GnTls8IE01O3NAVXBi-jUbTuAz1Eglu_D0Pwtfb7NE07BDsCPQ4otvOzGmWvUnso9_uw2lzj0unC7YMIrvjWwQyiA86k3nGBg9WsSDlrywbhbDyTbaflj2Nl1BjlwBQoBLKZQ1hgfxtbVn1iqcZXbPruKmVA214Pe6DR9adzd905ORyv8_IFrsHPaRzGg2p9W7g2zHMxdpW_8pSTab5GHxEnsN-OoILMhyDwBlwSObNnaF6y7eJ_4KoNTiavWQ&sig=Cg0ArKJSzNW-9UfFFNI7EAE&uach_m=%5BUACH%5D&urlfix=1&dett=2&adurl= => [200] 
[GET] https://pagead2.googlesyndication.com/pagead/gen_204?id=av-js&type=colleague-executed&name=1 => [204] 
[GET] https://pagead2.googlesyndication.com/pagead/gen_204?id=av-js&type=reach&proto=CAlgAWACYANgBGgD => [204] 
[GET] https://pagead2.googlesyndication.com/pagead/gen_204?id=av-js&type=colleague-executed&name=1 => [204] 
[GET] https://pagead2.googlesyndication.com/pagead/gen_204?id=av-js&type=reach&proto=CAlgAWACYANgBGgD => [204] 
[GET] https://pagead2.googlesyndication.com/pagead/gen_204?id=av-js&type=colleague-executed&name=1 => [204] 
[GET] https://pagead2.googlesyndication.com/pagead/gen_204?id=av-js&type=reach&proto=CAlgAWACYANgBGgD => [204] 
[GET] https://pagead2.googlesyndication.com/pagead/gen_204?id=av-js&type=colleague-executed&name=1 => [204] 
[GET] https://pagead2.googlesyndication.com/pagead/gen_204?id=av-js&type=reach&proto=CAlgAWACYANgBGgD => [204] 
[GET] https://www.googletagservices.com/agrp/prod/model_person_country_code_BH_person_region_code_4248.json => [200] 
[GET] https://www.googletagservices.com/agrp/prod/model_person_country_code_BH_person_region_code_4248.json => [200] 
[GET] https://www.googletagservices.com/agrp/prod/model_person_country_code_BH_person_region_code_4248.json => [200] 
[GET] https://www.googletagservices.com/agrp/prod/model_person_country_code_BH_person_region_code_4248.json => [200] 
[POST] https://www.googleadservices.com/.well-known/private-aggregation/report-shared-storage => [200] 
[POST] https://www.googleadservices.com/.well-known/private-aggregation/report-shared-storage => [200] 
[POST] https://www.googleadservices.com/.well-known/private-aggregation/report-shared-storage => [200] 
[GET] https://pagead2.googlesyndication.com/pagead/gen_204?id=av-js&type=reach&proto=CAESDk9wZXJhdGlvbkVycm9yGpgBc2hhcmVkU3RvcmFnZS53b3JrbGV0LmFkZE1vZHVsZSBpcyBkaXNhYmxlZCBiZWNhdXNlIGVpdGhlciBzaGFyZWRTdG9yYWdlIGlzIGRpc2FibGVkIG9yIGJvdGggc2hhcmVkU3RvcmFnZS5zZWxlY3RVUkwgYW5kIHByaXZhdGVBZ2dyZWdhdGlvbiBhcmUgZGlzYWJsZWQ%3D => [204] 
[POST] https://www.googleadservices.com/.well-known/private-aggregation/report-shared-storage => [200] 
[POST] https://www.googleadservices.com/.well-known/private-aggregation/report-shared-storage => [200] 
[POST] https://www.googleadservices.com/.well-known/private-aggregation/report-shared-storage => [200] 
[GET] https://pagead2.googlesyndication.com/pagead/gen_204?id=av-js&type=reach&proto=CAESDk9wZXJhdGlvbkVycm9yGpgBc2hhcmVkU3RvcmFnZS53b3JrbGV0LmFkZE1vZHVsZSBpcyBkaXNhYmxlZCBiZWNhdXNlIGVpdGhlciBzaGFyZWRTdG9yYWdlIGlzIGRpc2FibGVkIG9yIGJvdGggc2hhcmVkU3RvcmFnZS5zZWxlY3RVUkwgYW5kIHByaXZhdGVBZ2dyZWdhdGlvbiBhcmUgZGlzYWJsZWQ%3D => [204] 
[GET] https://pagead2.googlesyndication.com/pagead/gen_204?id=av-js&type=colleague-executed&name=4 => [204] 
[GET] https://pagead2.googlesyndication.com/pagead/gen_204?id=av-js&type=fle-fetch-start2 => [204] 
[POST] https://www.googleadservices.com/.well-known/private-aggregation/report-shared-storage => [200] 
[POST] https://www.googleadservices.com/.well-known/private-aggregation/report-shared-storage => [200] 
[POST] https://www.googleadservices.com/.well-known/private-aggregation/report-shared-storage => [200] 
[GET] https://pagead2.googlesyndication.com/pagead/gen_204?id=av-js&type=reach&proto=CAESDk9wZXJhdGlvbkVycm9yGpgBc2hhcmVkU3RvcmFnZS53b3JrbGV0LmFkZE1vZHVsZSBpcyBkaXNhYmxlZCBiZWNhdXNlIGVpdGhlciBzaGFyZWRTdG9yYWdlIGlzIGRpc2FibGVkIG9yIGJvdGggc2hhcmVkU3RvcmFnZS5zZWxlY3RVUkwgYW5kIHByaXZhdGVBZ2dyZWdhdGlvbiBhcmUgZGlzYWJsZWQ%3D => [204] 
[POST] https://www.googleadservices.com/.well-known/private-aggregation/report-shared-storage => [200] 
[POST] https://www.googleadservices.com/.well-known/private-aggregation/report-shared-storage => [200] 
[POST] https://www.googleadservices.com/.well-known/private-aggregation/report-shared-storage => [200] 
[GET] https://pagead2.googlesyndication.com/pagead/gen_204?id=av-js&type=reach&proto=CAESDk9wZXJhdGlvbkVycm9yGpgBc2hhcmVkU3RvcmFnZS53b3JrbGV0LmFkZE1vZHVsZSBpcyBkaXNhYmxlZCBiZWNhdXNlIGVpdGhlciBzaGFyZWRTdG9yYWdlIGlzIGRpc2FibGVkIG9yIGJvdGggc2hhcmVkU3RvcmFnZS5zZWxlY3RVUkwgYW5kIHByaXZhdGVBZ2dyZWdhdGlvbiBhcmUgZGlzYWJsZWQ%3D => [204] 
[GET] https://pagead2.googlesyndication.com/pagead/gen_204?id=av-js&type=reach&proto=CAIgATo5bW9kZWxfcGVyc29uX2NvdW50cnlfY29kZV9CSF9wZXJzb25fcmVnaW9uX2NvZGVfNDI0OC5qc29uSMgBUhpDS3ZYb09PSDQ1UURGZnRPUVFJZG9jODc2QVoiCIAQEIfKqQQY75m0BCDvmbQEKAIwAjgBXZqZmT7qAQIIKA%3D%3D => [204] 
[GET] https://pagead2.googlesyndication.com/pagead/gen_204?id=av-js&type=reach&proto=CAIgATo5bW9kZWxfcGVyc29uX2NvdW50cnlfY29kZV9CSF9wZXJzb25fcmVnaW9uX2NvZGVfNDI0OC5qc29uSMgBUhpDS3pYb09PSDQ1UURGZnRPUVFJZG9jODc2QVoiCIAQEIfKqQQY75m0BCDvmbQEKAIwAjgBXZqZmT7qAQIIKA%3D%3D => [204] 
[GET] https://pagead2.googlesyndication.com/pagead/gen_204?id=av-js&type=reach&proto=CAIgATo5bW9kZWxfcGVyc29uX2NvdW50cnlfY29kZV9CSF9wZXJzb25fcmVnaW9uX2NvZGVfNDI0OC5qc29uSMgBUhpDSzNYb09PSDQ1UURGZnRPUVFJZG9jODc2QVoiCIAQEIfKqQQY75m0BCDvmbQEKAIwAjgBXZqZmT7qAQIIKA%3D%3D => [204] 
[GET] https://pagead2.googlesyndication.com/pagead/gen_204?id=av-js&type=reach&proto=CAIgATo5bW9kZWxfcGVyc29uX2NvdW50cnlfY29kZV9CSF9wZXJzb25fcmVnaW9uX2NvZGVfNDI0OC5qc29uSMgBUhpDS19Yb09PSDQ1UURGZnRPUVFJZG9jODc2QVoiCIAQEIfKqQQY75m0BCDvmbQEKAIwAjgBXZqZmT7qAQIIKA%3D%3D => [204] 
[GET] https://securepubads.g.doubleclick.net/pcs/view?xai=AKAOjssjEyZVlm1Y85fUwWgHsGq3chRq3aaUbUSqIlkoiVQS2p8cINQ5bPZB5r3cXo24r6oASPaIgw2_kY5BwKzJxAjojpa0Jm5vZUWWRCYYDxSqbRanqnfnVU2Zb_XHQmbqXgHxd8q0SwNBo2HYgXRCvFx6UPBj5yzTPJpPTmWEZidn9uKR-q_k0mGhY79P6sQve8gRJG59A1PzsfSRFwDOpT-_DfMihmV6MMYBbIOcV_2bDjB7n4Oq8gBAhFo0_V4tfoXXQoUyTAleBNzBhX3lWIrDYHUtJ7SkmtMRetQmhB0bvRIWdVJMPGEKPIv47gQicJZ2ZJXTZm63wIH9goUUSP_SG9T8JI3KOI4OL7Jrymim3dNxaydPkpI9zjXzRJc34sIuwz1sTshwBYDOIoEuX3n7JVZt6yQGR2q1WLXKrivlLZh2sd0nv4DNX_7Bt9Gnog&sai=AMfl-YSZln_cyy6zVxa7CONuJO0O3h_EDIJ7q63Z7Eyro5ra3b1_-fxzcqzEynBDh8y3uNUlVCUnk4DVyiN0hhJVgr13IBq5FL1F2qTf91x1aVVCkgu5MCulXtGtv48-hQg4wIxeeNxx6J44kzQDhx5hhllrvhnbdSIQMcQUCZx3Q6Qsj6tHtS9TKJvU3jOtcUt0Oi2EOp1WrqZmWwj-xHTN7oAAlEY45WsZTgRoYn2-ANw_iqWhFBCb2UI0RCwH7CJJ7ydNgE-ryKI3thmV_V2RULdIGlAvrH35h6vRI2Byl-WQ_zLaR0buFPpVs3L_uHmD6pdz6PogkPSNOFDegbK2zndoe5ibguQYeCJUiRqdXq6qzqIhndIzmQ&sig=Cg0ArKJSzHt1iVXVsOPmEAE&uach_m=%5BUACH%5D&urlfix=1&dett=2&adurl= => [200] 
[GET] https://pagead2.googlesyndication.com/pagead/gen_204?id=av-js&type=colleague-executed&name=1 => [204] 
[GET] https://pagead2.googlesyndication.com/pagead/gen_204?id=av-js&type=reach&proto=CAlgAWACYANgBGgD => [204] 
[GET] https://pagead2.googlesyndication.com/pagead/gen_204?id=av-js&type=colleague-executed&name=4 => [204] 
[GET] https://pagead2.googlesyndication.com/pagead/gen_204?id=av-js&type=fle-fetch-start2 => [204] 
[GET] https://ep1.adtrafficquality.google/getconfig/sodar?sv=200&tid=gpt&tv=m202605260101&st=env&sjk=8315551622710689 => [200] 
[GET] https://pagead2.googlesyndication.com/pagead/gen_204?id=av-js&type=reach&proto=CAESDk9wZXJhdGlvbkVycm9yGpgBc2hhcmVkU3RvcmFnZS53b3JrbGV0LmFkZE1vZHVsZSBpcyBkaXNhYmxlZCBiZWNhdXNlIGVpdGhlciBzaGFyZWRTdG9yYWdlIGlzIGRpc2FibGVkIG9yIGJvdGggc2hhcmVkU3RvcmFnZS5zZWxlY3RVUkwgYW5kIHByaXZhdGVBZ2dyZWdhdGlvbiBhcmUgZGlzYWJsZWQ%3D => [204] 
[GET] https://pagead2.googlesyndication.com/pagead/gen_204?id=av-js&type=reach&proto=CAIgATo5bW9kZWxfcGVyc29uX2NvdW50cnlfY29kZV9CSF9wZXJzb25fcmVnaW9uX2NvZGVfNDI0OC5qc29uSMgBUhpDS3pYb09PSDQ1UURGZnRPUVFJZG9jODc2QVoiCIAQEIfKqQQY75m0BCDvmbQEKAIwAjgBXZqZmT7qAQIIKA%3D%3D => [204] 
[GET] https://pagead2.googlesyndication.com/pagead/gen_204?id=av-js&type=reach&proto=CAIgATo5bW9kZWxfcGVyc29uX2NvdW50cnlfY29kZV9CSF9wZXJzb25fcmVnaW9uX2NvZGVfNDI0OC5qc29uSMgBUhpDS3ZYb09PSDQ1UURGZnRPUVFJZG9jODc2QVoiCIAQEIfKqQQY75m0BCDvmbQEKAIwAjgBXZqZmT7qAQIIKA%3D%3D => [204] 
[GET] https://pagead2.googlesyndication.com/pagead/gen_204?id=av-js&type=reach&proto=CAIgATo5bW9kZWxfcGVyc29uX2NvdW50cnlfY29kZV9CSF9wZXJzb25fcmVnaW9uX2NvZGVfNDI0OC5qc29uSMgBUhpDSzNYb09PSDQ1UURGZnRPUVFJZG9jODc2QVoiCIAQEIfKqQQY75m0BCDvmbQEKAIwAjgBXZqZmT7qAQIIKA%3D%3D => [204] 
[GET] https://pagead2.googlesyndication.com/pagead/gen_204?id=av-js&type=reach&proto=CAIgATo5bW9kZWxfcGVyc29uX2NvdW50cnlfY29kZV9CSF9wZXJzb25fcmVnaW9uX2NvZGVfNDI0OC5qc29uSMgBUhpDS19Yb09PSDQ1UURGZnRPUVFJZG9jODc2QVoiCIAQEIfKqQQY75m0BCDvmbQEKAIwAjgBXZqZmT7qAQIIKA%3D%3D => [204] 
[POST] https://www.googleadservices.com/.well-known/private-aggregation/report-shared-storage => [200] 
[POST] https://www.googleadservices.com/.well-known/private-aggregation/report-shared-storage => [200] 
[POST] https://www.googleadservices.com/.well-known/private-aggregation/report-shared-storage => [200] 
[POST] https://www.googleadservices.com/.well-known/private-aggregation/report-shared-storage => [200] 
[POST] https://www.googleadservices.com/.well-known/private-aggregation/report-shared-storage => [200] 
[POST] https://www.googleadservices.com/.well-known/private-aggregation/report-shared-storage => [200] 
[POST] https://www.googleadservices.com/.well-known/private-aggregation/report-shared-storage => [200] 
[POST] https://www.googleadservices.com/.well-known/private-aggregation/report-shared-storage => [200] 
[POST] https://www.googleadservices.com/.well-known/private-aggregation/report-shared-storage => [200] 
[POST] https://www.googleadservices.com/.well-known/private-aggregation/report-shared-storage => [200] 
[POST] https://www.googleadservices.com/.well-known/private-aggregation/report-shared-storage => [200] 
[POST] https://www.googleadservices.com/.well-known/private-aggregation/report-shared-storage => [200] 
[GET] https://pagead2.googlesyndication.com/pagead/gen_204?id=av-js&type=colleague-executed&name=1 => [204] 
[GET] https://pagead2.googlesyndication.com/pagead/gen_204?id=av-js&type=reach&proto=CAlgAWACYANgBGgD => [204] 
[GET] https://pagead2.googlesyndication.com/pagead/gen_204?id=av-js&type=colleague-executed&name=4 => [204] 
[GET] https://pagead2.googlesyndication.com/pagead/gen_204?id=av-js&type=fle-fetch-start2 => [204] 
[GET] https://pagead2.googlesyndication.com/pagead/gen_204?id=av-js&type=reach&proto=CAESDk9wZXJhdGlvbkVycm9yGpgBc2hhcmVkU3RvcmFnZS53b3JrbGV0LmFkZE1vZHVsZSBpcyBkaXNhYmxlZCBiZWNhdXNlIGVpdGhlciBzaGFyZWRTdG9yYWdlIGlzIGRpc2FibGVkIG9yIGJvdGggc2hhcmVkU3RvcmFnZS5zZWxlY3RVUkwgYW5kIHByaXZhdGVBZ2dyZWdhdGlvbiBhcmUgZGlzYWJsZWQ%3D => [204] 
[POST] https://www.propertyfinder.bh/sp_events/com.snowplowanalytics.snowplow/tp2 => [200] 
[GET] https://www.google.com/pagead/1p-conversion/989827475/?random=1012367072&cv=11&fst=1780214491630&fmt=8&bg=ffffff&guid=ON&async=1&en=CHEQ&gtm=45be65r2v898877424za200zb884905653zd884905653xec&gcd=13l3l3l3l1l1&dma=0&tag_exp=0~115938466~115938469~116701381~119034493~119064590&u_w=1280&u_h=720&url=https%3A%2F%2Fwww.propertyfinder.bh%2Fen%2Frent%2Fproperties-for-rent.html&rcb=3&label=H8JBCLPBm6waEJOj_tcD&capi=1&gtm_ee=1&frm=0&tiba=Properties%20for%20rent%20in%20Bahrain%20-%2014%2C091%20Properties%20for%20rent%20%7C%20Property%20Finder%20Bahrain&did=dYmQxMT&gdid=dYmQxMT&hn=www.googleadservices.com&npa=0&pscdl=noapi&auid=1308341270.1780214044&uaa=x86&uab=64&uafvl=Chromium%3B148.0.7778.216%7CGoogle%2520Chrome%3B148.0.7778.216%7CNot%252FA)Brand%3B99.0.0.0&uamb=0&uam=&uap=Windows&uapv=19.0.0&uaw=0&ec_mode=c&gcl_ctr=10~0~0~0&data=event%3DCHEQ&gap.last_random=1780214444961&gap.last_label=H8JBCLPBm6waEJOj_tcD&category=acrcp_v1_512&em=tv.1&ct_cookie_present=false&crd=CLTesQII8t-xAgit4bECCKG4sQIIscGxAgiwwbECCLHDsQIIisWxAgjCybECCLTGsQIIk9qxAgjb3LECCIfbsQII08WxAgjrzLECCO3OsQII1c-xAgj02rECCJfUsQIIyduxAgix4bECCLPhsQIIpt2xAgiw3rECCIDbsQJKMG5vdC1ldmVudC1zb3VyY2UsIG5vdC1uYXZpZ2F0aW9uLXNvdXJjZSwgdHJpZ2dlcloDCgEBYgMKAQM&cerd=CgEA&fsk=ChEI8Ljv0AYQxpyX0r-58p2aARIsAD0q2WVNIPRNo2fGQPy2G9gv4kLtFvQXNa1VjI_val9FauLlsCFB07M8900aArjh&pscrd=IhMIgeGz44fjlAMVfk72CB3cjx2uOj5odHRwczovL3d3dy5wcm9wZXJ0eWZpbmRlci5iaC9lbi9yZW50L3Byb3BlcnRpZXMtZm9yLXJlbnQuaHRtbEJXQ2hFSThManYwQVlRc3FtdHZldVd1NEw1QVJJc0FJeVpIR2tmZ1ExYlZIN1RzRnZOYTJUU3pfT3Y0NzRUMFplZ1BMRlpIWEJkZXYxUEFfd2RjcTVBdnE0egwICWIICAAQABgAIAA&is_vtc=1&cid=CAQS4QEABaugfYGMY5us8blQdB4kIPAFsOMwgNN6YVhjhPv1gkVZ6VanepUiGTXEkHTd0Hc-UyeEsvdSsV4dePU2txiYvmONTLKcblO0wwQ1Npd64r-B9UXSNLp_BvxfNdo8SJvnAymFhB93JFLZrIxmSE6c4jEI0wErJRDdOH4CTbT4ZB7ewFL2J7SNHADBu98sSCQB1NFKKtHC8EmUbUZwvdKfBMHdhRzvrRJ0OdKuqG3yTqgeP4W0hsEo15w7M5BosX8E9RSxrjj61wVJRYwzJE_-UGixj56U4s-SbsNHYxv2zGE&random=343858331 => [302] 
[POST] https://tr.snapchat.com/p
[POST] https://tr.snapchat.com/p => [200] 
[POST] https://f0176f629b61.a37ccc95.ap-south-1.token.awswaf.com/f0176f629b61/telemetry => [200] 
[GET] https://www.google.com.bh/pagead/1p-conversion/989827475/?random=1012367072&cv=11&fst=1780214491630&fmt=8&bg=ffffff&guid=ON&async=1&en=CHEQ&gtm=45be65r2v898877424za200zb884905653zd884905653xec&gcd=13l3l3l3l1l1&dma=0&tag_exp=0~115938466~115938469~116701381~119034493~119064590&u_w=1280&u_h=720&url=https%3A%2F%2Fwww.propertyfinder.bh%2Fen%2Frent%2Fproperties-for-rent.html&rcb=3&label=H8JBCLPBm6waEJOj_tcD&capi=1&gtm_ee=1&frm=0&tiba=Properties%20for%20rent%20in%20Bahrain%20-%2014%2C091%20Properties%20for%20rent%20%7C%20Property%20Finder%20Bahrain&did=dYmQxMT&gdid=dYmQxMT&hn=www.googleadservices.com&npa=0&pscdl=noapi&auid=1308341270.1780214044&uaa=x86&uab=64&uafvl=Chromium%3B148.0.7778.216%7CGoogle%2520Chrome%3B148.0.7778.216%7CNot%252FA)Brand%3B99.0.0.0&uamb=0&uam=&uap=Windows&uapv=19.0.0&uaw=0&ec_mode=c&gcl_ctr=10~0~0~0&data=event%3DCHEQ&gap.last_random=1780214444961&gap.last_label=H8JBCLPBm6waEJOj_tcD&category=acrcp_v1_512&em=tv.1&ct_cookie_present=false&crd=CLTesQII8t-xAgit4bECCKG4sQIIscGxAgiwwbECCLHDsQIIisWxAgjCybECCLTGsQIIk9qxAgjb3LECCIfbsQII08WxAgjrzLECCO3OsQII1c-xAgj02rECCJfUsQIIyduxAgix4bECCLPhsQIIpt2xAgiw3rECCIDbsQJKMG5vdC1ldmVudC1zb3VyY2UsIG5vdC1uYXZpZ2F0aW9uLXNvdXJjZSwgdHJpZ2dlcloDCgEBYgMKAQM&cerd=CgEA&fsk=ChEI8Ljv0AYQxpyX0r-58p2aARIsAD0q2WVNIPRNo2fGQPy2G9gv4kLtFvQXNa1VjI_val9FauLlsCFB07M8900aArjh&is_vtc=1&cid=CAQS4QEABaugfYGMY5us8blQdB4kIPAFsOMwgNN6YVhjhPv1gkVZ6VanepUiGTXEkHTd0Hc-UyeEsvdSsV4dePU2txiYvmONTLKcblO0wwQ1Npd64r-B9UXSNLp_BvxfNdo8SJvnAymFhB93JFLZrIxmSE6c4jEI0wErJRDdOH4CTbT4ZB7ewFL2J7SNHADBu98sSCQB1NFKKtHC8EmUbUZwvdKfBMHdhRzvrRJ0OdKuqG3yTqgeP4W0hsEo15w7M5BosX8E9RSxrjj61wVJRYwzJE_-UGixj56U4s-SbsNHYxv2zGE&random=343858331&ipr=y&pscrd=IhMIgeGz44fjlAMVfk72CB3cjx2uOj5odHRwczovL3d3dy5wcm9wZXJ0eWZpbmRlci5iaC9lbi9yZW50L3Byb3BlcnRpZXMtZm9yLXJlbnQuaHRtbEJXQ2hFSThManYwQVlRc3FtdHZldVd1NEw1QVJJc0FJeVpIR2tmZ1ExYlZIN1RzRnZOYTJUU3pfT3Y0NzRUMFplZ1BMRlpIWEJkZXYxUEFfd2RjcTVBdnE0egwICWIICAAQABgAIACCAQVwAYgBAQ => [200] 
[POST] https://siteintercept.qualtrics.com/WRSiteInterceptEngine/Targeting.php?Q_ZoneID=ZN_6Xp3QI6QWYUGpf0&Q_CLIENTVERSION=2.49.0&Q_CLIENTTYPE=web => [200] 
[GET] https://pagead2.googlesyndication.com/pagead/gen_204?id=av-js&type=colleague-executed&name=1 => [204] 
[GET] https://pagead2.googlesyndication.com/pagead/gen_204?id=av-js&type=reach&proto=CAlgAWACYANgBGgD => [204] 
[GET] https://pagead2.googlesyndication.com/pagead/gen_204?id=av-js&type=reach&proto=CAESDk9wZXJhdGlvbkVycm9yGpgBc2hhcmVkU3RvcmFnZS53b3JrbGV0LmFkZE1vZHVsZSBpcyBkaXNhYmxlZCBiZWNhdXNlIGVpdGhlciBzaGFyZWRTdG9yYWdlIGlzIGRpc2FibGVkIG9yIGJvdGggc2hhcmVkU3RvcmFnZS5zZWxlY3RVUkwgYW5kIHByaXZhdGVBZ2dyZWdhdGlvbiBhcmUgZGlzYWJsZWQ%3D => [204] 
[GET] https://pagead2.googlesyndication.com/pagead/gen_204?id=av-js&type=reach&proto=CAlgAWACYANgBGgD => [204] 
[GET] https://pagead2.googlesyndication.com/pagead/gen_204?id=av-js&type=colleague-executed&name=1 => [204] 
[GET] https://pagead2.googlesyndication.com/pagead/gen_204?id=av-js&type=reach&proto=CAESDk9wZXJhdGlvbkVycm9yGpgBc2hhcmVkU3RvcmFnZS53b3JrbGV0LmFkZE1vZHVsZSBpcyBkaXNhYmxlZCBiZWNhdXNlIGVpdGhlciBzaGFyZWRTdG9yYWdlIGlzIGRpc2FibGVkIG9yIGJvdGggc2hhcmVkU3RvcmFnZS5zZWxlY3RVUkwgYW5kIHByaXZhdGVBZ2dyZWdhdGlvbiBhcmUgZGlzYWJsZWQ%3D => [204] 
[POST] https://obseu.7seasky.com/mon => [200] 
[GET] https://www.google.com.bh/pagead/1p-conversion/989827475/?random=1012367072&cv=11&fst=1780214491630&fmt=8&bg=ffffff&guid=ON&async=1&en=CHEQ&gtm=45be65r2v898877424za200zb884905653zd884905653xec&gcd=13l3l3l3l1l1&dma=0&tag_exp=0~115938466~115938469~116701381~119034493~119064590&u_w=1280&u_h=720&url=https%3A%2F%2Fwww.propertyfinder.bh%2Fen%2Frent%2Fproperties-for-rent.html&rcb=3&label=H8JBCLPBm6waEJOj_tcD&capi=1&gtm_ee=1&frm=0&tiba=Properties%20for%20rent%20in%20Bahrain%20-%2014%2C091%20Properties%20for%20rent%20%7C%20Property%20Finder%20Bahrain&did=dYmQxMT&gdid=dYmQxMT&hn=www.googleadservices.com&npa=0&pscdl=noapi&auid=1308341270.1780214044&uaa=x86&uab=64&uafvl=Chromium%3B148.0.7778.216%7CGoogle%2520Chrome%3B148.0.7778.216%7CNot%252FA)Brand%3B99.0.0.0&uamb=0&uam=&uap=Windows&uapv=19.0.0&uaw=0&ec_mode=c&gcl_ctr=10~0~0~0&data=event%3DCHEQ&gap.last_random=1780214444961&gap.last_label=H8JBCLPBm6waEJOj_tcD&category=acrcp_v1_512&em=tv.1&ct_cookie_present=false&crd=CLTesQII8t-xAgit4bECCKG4sQIIscGxAgiwwbECCLHDsQIIisWxAgjCybECCLTGsQIIk9qxAgjb3LECCIfbsQII08WxAgjrzLECCO3OsQII1c-xAgj02rECCJfUsQIIyduxAgix4bECCLPhsQIIpt2xAgiw3rECCIDbsQJKMG5vdC1ldmVudC1zb3VyY2UsIG5vdC1uYXZpZ2F0aW9uLXNvdXJjZSwgdHJpZ2dlcloDCgEBYgMKAQM&cerd=CgEA&fsk=ChEI8Ljv0AYQxpyX0r-58p2aARIsAD0q2WVNIPRNo2fGQPy2G9gv4kLtFvQXNa1VjI_val9FauLlsCFB07M8900aArjh&is_vtc=1&cid=CAQS4QEABaugfYGMY5us8blQdB4kIPAFsOMwgNN6YVhjhPv1gkVZ6VanepUiGTXEkHTd0Hc-UyeEsvdSsV4dePU2txiYvmONTLKcblO0wwQ1Npd64r-B9UXSNLp_BvxfNdo8SJvnAymFhB93JFLZrIxmSE6c4jEI0wErJRDdOH4CTbT4ZB7ewFL2J7SNHADBu98sSCQB1NFKKtHC8EmUbUZwvdKfBMHdhRzvrRJ0OdKuqG3yTqgeP4W0hsEo15w7M5BosX8E9RSxrjj61wVJRYwzJE_-UGixj56U4s-SbsNHYxv2zGE&random=343858331&ipr=y&pscrd=IhMIgeGz44fjlAMVfk72CB3cjx2uOj5odHRwczovL3d3dy5wcm9wZXJ0eWZpbmRlci5iaC9lbi9yZW50L3Byb3BlcnRpZXMtZm9yLXJlbnQuaHRtbEJXQ2hFSThManYwQVlRc3FtdHZldVd1NEw1QVJJc0FJeVpIR2tmZ1ExYlZIN1RzRnZOYTJUU3pfT3Y0NzRUMFplZ1BMRlpIWEJkZXYxUEFfd2RjcTVBdnE0egwICWIICAAQABgAIACCAQVwAYgBAQ => [200] 
[POST] https://e.clarity.ms/collect => [204] No Content
[POST] https://faro-collector-prod-ap-southeast-1.grafana.net/collect/2180091f4adbb7d9a787dc2785d6aef3 => [202] Accepted
[POST] https://obseu.7seasky.com/mon => [200] 
[POST] https://e.clarity.ms/collect => [204] No Content
[POST] https://analytics.google.com/g/collect?v=2&tid=G-84KGS44X59&gtm=45je65r2v884905653za200zd884905653&_p=1780214490986&gcd=13l3l3l3l1l1&npa=0&dma=0&gdid=dYmQxMT&_eu=EAAAAGQ&are=1&cid=180700638.1780214043&frm=0&ir=1&pscdl=noapi&rcb=12&sr=1280x720&uaa=x86&uab=64&uafvl=Chromium%3B148.0.7778.216%7CGoogle%2520Chrome%3B148.0.7778.216%7CNot%252FA)Brand%3B99.0.0.0&uam=&uamb=0&uap=Windows&uapv=19.0.0&uaw=0&ul=en-us&gaf=2&_s=2&tag_exp=0~115616985~115938466~115938469~119034493~119064590&dl=https%3A%2F%2Fwww.propertyfinder.bh%2Fen%2Frent%2Fproperties-for-rent.html&dt=Properties%20for%20rent%20in%20Bahrain%20-%2014%2C091%20Properties%20for%20rent%20%7C%20Property%20Finder%20Bahrain&sid=1780214043&sct=1&seg=1&en=cheq_threat_ready&_ee=1&ep.ga4_measurement_id=G-84KGS44X59&ep.currency_code=BHD&ep.page_type=list&ep.page_category=Property%20Serp&ep.content_group=Property%20Serp&epn.custom_timestamp_msec=1780214491841&ep.cq_p_tg=bots&ep.cq_p_tt=Scrapers&ep.search_hash=a9a4e1c8d6653685ab98b50aee9e4eb4&ep.linking_search_id=902fb63c-3e1f-479d-a9b0-da4db33f3b39&ep.cookie_session=1780214043&ep.final_session=1780214043&ep.cheq_threat_request_id=2a7fff54ce2f74a6df73bac73720d7c8&ep.ga_clientid=180700638.1780214043&ep.tealapi_client=180700638.1780214043&ep.tealapi_session=1780214043&_et=622&up.cheq_threat_request_id=2a7fff54ce2f74a6df73bac73720d7c8&tfd=7281 => [204] 
[POST] https://obseu.7seasky.com/mon => [200] 
[POST] https://analytics.google.com/g/collect?v=2&tid=G-84KGS44X59&gtm=45je65r2v884905653za200zd884905653&_p=1780214490986&gcd=13l3l3l3l1l1&npa=0&dma=0&gdid=dYmQxMT&_eu=EAAAAGQ&are=1&cid=180700638.1780214043&frm=0&ir=1&pscdl=noapi&rcb=12&sr=1280x720&uaa=x86&uab=64&uafvl=Chromium%3B148.0.7778.216%7CGoogle%2520Chrome%3B148.0.7778.216%7CNot%252FA)Brand%3B99.0.0.0&uam=&uamb=0&uap=Windows&uapv=19.0.0&uaw=0&ul=en-us&gaf=2&_s=2&tag_exp=0~115616985~115938466~115938469~119034493~119064590&dl=https%3A%2F%2Fwww.propertyfinder.bh%2Fen%2Frent%2Fproperties-for-rent.html&dt=Properties%20for%20rent%20in%20Bahrain%20-%2014%2C091%20Properties%20for%20rent%20%7C%20Property%20Finder%20Bahrain&sid=1780214043&sct=1&seg=1&en=cheq_threat_ready&_ee=1&ep.ga4_measurement_id=G-84KGS44X59&ep.currency_code=BHD&ep.page_type=list&ep.page_category=Property%20Serp&ep.content_group=Property%20Serp&epn.custom_timestamp_msec=1780214491841&ep.cq_p_tg=bots&ep.cq_p_tt=Scrapers&ep.search_hash=a9a4e1c8d6653685ab98b50aee9e4eb4&ep.linking_search_id=902fb63c-3e1f-479d-a9b0-da4db33f3b39&ep.cookie_session=1780214043&ep.final_session=1780214043&ep.cheq_threat_request_id=2a7fff54ce2f74a6df73bac73720d7c8&ep.ga_clientid=180700638.1780214043&ep.tealapi_client=180700638.1780214043&ep.tealapi_session=1780214043&_et=622&up.cheq_threat_request_id=2a7fff54ce2f74a6df73bac73720d7c8&tfd=7281 => [204] 
[POST] https://f0176f629b61.edge.sdk.awswaf.com/f0176f629b61/b230e5f1f267/telemetry => [200] 
[POST] https://f0176f629b61.edge.sdk.awswaf.com/f0176f629b61/b230e5f1f267/telemetry => [200] 